Archive member included to satisfy reference by file (symbol)

C:/ST/STM32CubeIDE_1.19.0/STM32CubeIDE/plugins/com.st.stm32cube.ide.mcu.externaltools.gnu-tools-for-stm32.13.3.rel1.win32_1.0.0.202411081344/tools/bin/../lib/gcc/arm-none-eabi/13.3.1/../../../../arm-none-eabi/lib/thumb/v7e-m+fp/hard\libc_nano.a(libc_a-atoi.o)
                              ./Core/Src/main.o (atoi)
C:/ST/STM32CubeIDE_1.19.0/STM32CubeIDE/plugins/com.st.stm32cube.ide.mcu.externaltools.gnu-tools-for-stm32.13.3.rel1.win32_1.0.0.202411081344/tools/bin/../lib/gcc/arm-none-eabi/13.3.1/../../../../arm-none-eabi/lib/thumb/v7e-m+fp/hard\libc_nano.a(libc_a-exit.o)
                              C:/ST/STM32CubeIDE_1.19.0/STM32CubeIDE/plugins/com.st.stm32cube.ide.mcu.externaltools.gnu-tools-for-stm32.13.3.rel1.win32_1.0.0.202411081344/tools/bin/../lib/gcc/arm-none-eabi/13.3.1/../../../../arm-none-eabi/lib/thumb/v7e-m+fp/hard/crt0.o (exit)
C:/ST/STM32CubeIDE_1.19.0/STM32CubeIDE/plugins/com.st.stm32cube.ide.mcu.externaltools.gnu-tools-for-stm32.13.3.rel1.win32_1.0.0.202411081344/tools/bin/../lib/gcc/arm-none-eabi/13.3.1/../../../../arm-none-eabi/lib/thumb/v7e-m+fp/hard\libc_nano.a(libc_a-malloc.o)
                              ./Middlewares/ST/STM32_USB_Host_Library/Class/CDC/Src/usbh_cdc.o (malloc)
C:/ST/STM32CubeIDE_1.19.0/STM32CubeIDE/plugins/com.st.stm32cube.ide.mcu.externaltools.gnu-tools-for-stm32.13.3.rel1.win32_1.0.0.202411081344/tools/bin/../lib/gcc/arm-none-eabi/13.3.1/../../../../arm-none-eabi/lib/thumb/v7e-m+fp/hard\libc_nano.a(libc_a-mallocr.o)
                              C:/ST/STM32CubeIDE_1.19.0/STM32CubeIDE/plugins/com.st.stm32cube.ide.mcu.externaltools.gnu-tools-for-stm32.13.3.rel1.win32_1.0.0.202411081344/tools/bin/../lib/gcc/arm-none-eabi/13.3.1/../../../../arm-none-eabi/lib/thumb/v7e-m+fp/hard\libc_nano.a(libc_a-malloc.o) (_malloc_r)
C:/ST/STM32CubeIDE_1.19.0/STM32CubeIDE/plugins/com.st.stm32cube.ide.mcu.externaltools.gnu-tools-for-stm32.13.3.rel1.win32_1.0.0.202411081344/tools/bin/../lib/gcc/arm-none-eabi/13.3.1/../../../../arm-none-eabi/lib/thumb/v7e-m+fp/hard\libc_nano.a(libc_a-mlock.o)
                              C:/ST/STM32CubeIDE_1.19.0/STM32CubeIDE/plugins/com.st.stm32cube.ide.mcu.externaltools.gnu-tools-for-stm32.13.3.rel1.win32_1.0.0.202411081344/tools/bin/../lib/gcc/arm-none-eabi/13.3.1/../../../../arm-none-eabi/lib/thumb/v7e-m+fp/hard\libc_nano.a(libc_a-mallocr.o) (__malloc_lock)
C:/ST/STM32CubeIDE_1.19.0/STM32CubeIDE/plugins/com.st.stm32cube.ide.mcu.externaltools.gnu-tools-for-stm32.13.3.rel1.win32_1.0.0.202411081344/tools/bin/../lib/gcc/arm-none-eabi/13.3.1/../../../../arm-none-eabi/lib/thumb/v7e-m+fp/hard\libc_nano.a(libc_a-strtol.o)
                              C:/ST/STM32CubeIDE_1.19.0/STM32CubeIDE/plugins/com.st.stm32cube.ide.mcu.externaltools.gnu-tools-for-stm32.13.3.rel1.win32_1.0.0.202411081344/tools/bin/../lib/gcc/arm-none-eabi/13.3.1/../../../../arm-none-eabi/lib/thumb/v7e-m+fp/hard\libc_nano.a(libc_a-atoi.o) (_strtol_r)
C:/ST/STM32CubeIDE_1.19.0/STM32CubeIDE/plugins/com.st.stm32cube.ide.mcu.externaltools.gnu-tools-for-stm32.13.3.rel1.win32_1.0.0.202411081344/tools/bin/../lib/gcc/arm-none-eabi/13.3.1/../../../../arm-none-eabi/lib/thumb/v7e-m+fp/hard\libc_nano.a(libc_a-strtoul.o)
                              ./Core/Src/main.o (strtoul)
C:/ST/STM32CubeIDE_1.19.0/STM32CubeIDE/plugins/com.st.stm32cube.ide.mcu.externaltools.gnu-tools-for-stm32.13.3.rel1.win32_1.0.0.202411081344/tools/bin/../lib/gcc/arm-none-eabi/13.3.1/../../../../arm-none-eabi/lib/thumb/v7e-m+fp/hard\libc_nano.a(libc_a-ctype_.o)
                              ./Core/Src/main.o (_ctype_)
C:/ST/STM32CubeIDE_1.19.0/STM32CubeIDE/plugins/com.st.stm32cube.ide.mcu.externaltools.gnu-tools-for-stm32.13.3.rel1.win32_1.0.0.202411081344/tools/bin/../lib/gcc/arm-none-eabi/13.3.1/../../../../arm-none-eabi/lib/thumb/v7e-m+fp/hard\libc_nano.a(libc_a-findfp.o)
                              C:/ST/STM32CubeIDE_1.19.0/STM32CubeIDE/plugins/com.st.stm32cube.ide.mcu.externaltools.gnu-tools-for-stm32.13.3.rel1.win32_1.0.0.202411081344/tools/bin/../lib/gcc/arm-none-eabi/13.3.1/../../../../arm-none-eabi/lib/thumb/v7e-m+fp/hard\libc_nano.a(libc_a-exit.o) (__stdio_exit_handler)
C:/ST/STM32CubeIDE_1.19.0/STM32CubeIDE/plugins/com.st.stm32cube.ide.mcu.externaltools.gnu-tools-for-stm32.13.3.rel1.win32_1.0.0.202411081344/tools/bin/../lib/gcc/arm-none-eabi/13.3.1/../../../../arm-none-eabi/lib/thumb/v7e-m+fp/hard\libc_nano.a(libc_a-fwalk.o)
                              C:/ST/STM32CubeIDE_1.19.0/STM32CubeIDE/plugins/com.st.stm32cube.ide.mcu.externaltools.gnu-tools-for-stm32.13.3.rel1.win32_1.0.0.202411081344/tools/bin/../lib/gcc/arm-none-eabi/13.3.1/../../../../arm-none-eabi/lib/thumb/v7e-m+fp/hard\libc_nano.a(libc_a-findfp.o) (_fwalk_sglue)
[...]
Memory Configuration

Name             Origin             Length             Attributes
RAM              0x20000000         0x00010000         xrw
FLASH            0x08000000         0x00040000         xr
*default*        0x00000000         0xffffffff

Linker script and memory map

LOAD C:/ST/STM32CubeIDE_1.19.0/STM32CubeIDE/plugins/com.st.stm32cube.ide.mcu.externaltools.gnu-tools-for-stm32.13.3.rel1.win32_1.0.0.202411081344/tools/bin/../lib/gcc/arm-none-eabi/13.3.1/thumb/v7e-m+fp/hard/crti.o
LOAD C:/ST/STM32CubeIDE_1.19.0/STM32CubeIDE/plugins/com.st.stm32cube.ide.mcu.externaltools.gnu-tools-for-stm32.13.3.rel1.win32_1.0.0.202411081344/tools/bin/../lib/gcc/arm-none-eabi/13.3.1/thumb/v7e-m+fp/hard/crtbegin.o
LOAD C:/ST/STM32CubeIDE_1.19.0/STM32CubeIDE/plugins/com.st.stm32cube.ide.mcu.externaltools.gnu-tools-for-stm32.13.3.rel1.win32_1.0.0.202411081344/tools/bin/../lib/gcc/arm-none-eabi/13.3.1/../../../../arm-none-eabi/lib/thumb/v7e-m+fp/hard/crt0.o
LOAD ./Core/Src/main.o
LOAD ./Core/Src/stm32f4xx_hal_msp.o
LOAD ./Core/Src/stm32f4xx_it.o
LOAD ./Core/Src/syscalls.o
LOAD ./Core/Src/sysmem.o
LOAD ./Core/Src/system_stm32f4xx.o
LOAD ./Core/Startup/startup_stm32f401ccux.o
LOAD ./Drivers/STM32F4xx_HAL_Driver/Src/stm32f4xx_hal.o
LOAD ./Drivers/STM32F4xx_HAL_Driver/Src/stm32f4xx_hal_cortex.o
LOAD ./Drivers/STM32F4xx_HAL_Driver/Src/stm32f4xx_hal_dma.o
LOAD ./Drivers/STM32F4xx_HAL_Driver/Src/stm32f4xx_hal_dma_ex.o
LOAD ./Drivers/STM32F4xx_HAL_Driver/Src/stm32f4xx_hal_exti.o
LOAD ./Drivers/STM32F4xx_HAL_Driver/Src/stm32f4xx_hal_flash.o
LOAD ./Drivers/STM32F4xx_HAL_Driver/Src/stm32f4xx_hal_flash_ex.o
LOAD ./Drivers/STM32F4xx_HAL_Driver/Src/stm32f4xx_hal_flash_ramfunc.o
LOAD ./Drivers/STM32F4xx_HAL_Driver/Src/stm32f4xx_hal_gpio.o
LOAD ./Drivers/STM32F4xx_HAL_Driver/Src/stm32f4xx_hal_hcd.o
LOAD ./Drivers/STM32F4xx_HAL_Driver/Src/stm32f4xx_hal_i2c.o
LOAD ./Drivers/STM32F4xx_HAL_Driver/Src/stm32f4xx_hal_i2c_ex.o
LOAD ./Drivers/STM32F4xx_HAL_Driver/Src/stm32f4xx_hal_pwr.o
LOAD ./Drivers/STM32F4xx_HAL_Driver/Src/stm32f4xx_hal_pwr_ex.o
LOAD ./Drivers/STM32F4xx_HAL_Driver/Src/stm32f4xx_hal_rcc.o
LOAD ./Drivers/STM32F4xx_HAL_Driver/Src/stm32f4xx_hal_rcc_ex.o
LOAD ./Drivers/STM32F4xx_HAL_Driver/Src/stm32f4xx_hal_rtc.o
LOAD ./Drivers/STM32F4xx_HAL_Driver/Src/stm32f4xx_hal_rtc_ex.o
LOAD ./Drivers/STM32F4xx_HAL_Driver/Src/stm32f4xx_hal_uart.o
LOAD ./Drivers/STM32F4xx_HAL_Driver/Src/stm32f4xx_ll_usb.o
LOAD ./Middlewares/ST/STM32_USB_Host_Library/Class/CDC/Src/usbh_cdc.o
LOAD ./Middlewares/ST/STM32_USB_Host_Library/Core/Src/usbh_core.o
LOAD ./Middlewares/ST/STM32_USB_Host_Library/Core/Src/usbh_ctlreq.o
LOAD ./Middlewares/ST/STM32_USB_Host_Library/Core/Src/usbh_ioreq.o
LOAD ./Middlewares/ST/STM32_USB_Host_Library/Core/Src/usbh_pipes.o
LOAD ./USB_HOST/App/usb_host.o
LOAD ./USB_HOST/Target/usbh_conf.o
START GROUP
LOAD C:/ST/STM32CubeIDE_1.19.0/STM32CubeIDE/plugins/com.st.stm32cube.ide.mcu.externaltools.gnu-tools-for-stm32.13.3.rel1.win32_1.0.0.202411081344/tools/bin/../lib/gcc/arm-none-eabi/13.3.1/../../../../arm-none-eabi/lib/thumb/v7e-m+fp/hard\libc_nano.a
LOAD C:/ST/STM32CubeIDE_1.19.0/STM32CubeIDE/plugins/com.st.stm32cube.ide.mcu.externaltools.gnu-tools-for-stm32.13.3.rel1.win32_1.0.0.202411081344/tools/bin/../lib/gcc/arm-none-eabi/13.3.1/../../../../arm-none-eabi/lib/thumb/v7e-m+fp/hard\libm.a
END GROUP
START GROUP
LOAD C:/ST/STM32CubeIDE_1.19.0/STM32CubeIDE/plugins/com.st.stm32cube.ide.mcu.externaltools.gnu-tools-for-stm32.13.3.rel1.win32_1.0.0.202411081344/tools/bin/../lib/gcc/arm-none-eabi/13.3.1/thumb/v7e-m+fp/hard\libgcc.a
LOAD C:/ST/STM32CubeIDE_1.19.0/STM32CubeIDE/plugins/com.st.stm32cube.ide.mcu.externaltools.gnu-tools-for-stm32.13.3.rel1.win32_1.0.0.202411081344/tools/bin/../lib/gcc/arm-none-eabi/13.3.1/../../../../arm-none-eabi/lib/thumb/v7e-m+fp/hard\libc_nano.a
END GROUP
START GROUP
LOAD C:/ST/STM32CubeIDE_1.19.0/STM32CubeIDE/plugins/com.st.stm32cube.ide.mcu.externaltools.gnu-tools-for-stm32.13.3.rel1.win32_1.0.0.202411081344/tools/bin/../lib/gcc/arm-none-eabi/13.3.1/thumb/v7e-m+fp/hard\libgcc.a
LOAD C:/ST/STM32CubeIDE_1.19.0/STM32CubeIDE/plugins/com.st.stm32cube.ide.mcu.externaltools.gnu-tools-for-stm32.13.3.rel1.win32_1.0.0.202411081344/tools/bin/../lib/gcc/arm-none-eabi/13.3.1/../../../../arm-none-eabi/lib/thumb/v7e-m+fp/hard\libc_nano.a
LOAD C:/ST/STM32CubeIDE_1.19.0/STM32CubeIDE/plugins/com.st.stm32cube.ide.mcu.externaltools.gnu-tools-for-stm32.13.3.rel1.win32_1.0.0.202411081344/tools/bin/../lib/gcc/arm-none-eabi/13.3.1/../../../../arm-none-eabi/lib/thumb/v7e-m+fp/hard\libnosys.a
END GROUP
START GROUP
LOAD C:/ST/STM32CubeIDE_1.19.0/STM32CubeIDE/plugins/com.st.stm32cube.ide.mcu.externaltools.gnu-tools-for-stm32.13.3.rel1.win32_1.0.0.202411081344/tools/bin/../lib/gcc/arm-none-eabi/13.3.1/thumb/v7e-m+fp/hard\libgcc.a
LOAD C:/ST/STM32CubeIDE_1.19.0/STM32CubeIDE/plugins/com.st.stm32cube.ide.mcu.externaltools.gnu-tools-for-stm32.13.3.rel1.win32_1.0.0.202411081344/tools/bin/../lib/gcc/arm-none-eabi/13.3.1/../../../../arm-none-eabi/lib/thumb/v7e-m+fp/hard\libc_nano.a
LOAD C:/ST/STM32CubeIDE_1.19.0/STM32CubeIDE/plugins/com.st.stm32cube.ide.mcu.externaltools.gnu-tools-for-stm32.13.3.rel1.win32_1.0.0.202411081344/tools/bin/../lib/gcc/arm-none-eabi/13.3.1/../../../../arm-none-eabi/lib/thumb/v7e-m+fp/hard\libnosys.a
END GROUP
LOAD C:/ST/STM32CubeIDE_1.19.0/STM32CubeIDE/plugins/com.st.stm32cube.ide.mcu.externaltools.gnu-tools-for-stm32.13.3.rel1.win32_1.0.0.202411081344/tools/bin/../lib/gcc/arm-none-eabi/13.3.1/thumb/v7e-m+fp/hard/crtend.o
LOAD C:/ST/STM32CubeIDE_1.19.0/STM32CubeIDE/plugins/com.st.stm32cube.ide.mcu.externaltools.gnu-tools-for-stm32.13.3.rel1.win32_1.0.0.202411081344/tools/bin/../lib/gcc/arm-none-eabi/13.3.1/thumb/v7e-m+fp/hard/crtn.o
                0x20010000                        _estack = (ORIGIN (RAM) + LENGTH (RAM))
                0x00000200                        _Min_Heap_Size = 0x200
                0x00000400                        _Min_Stack_Size = 0x400

.isr_vector     0x08000000      0x194
                0x08000000                        . = ALIGN (0x4)
 *(.isr_vector)
 .isr_vector    0x08000000      0x194 ./Core/Startup/startup_stm32f401ccux.o
                0x08000000                g_pfnVectors
                0x08000194                        . = ALIGN (0x4)

.text           0x080001a0    0x10564
                0x080001a0                        . = ALIGN (0x4)
 *(.text)
 .text          0x080001a0       0x40 C:/ST/STM32CubeIDE_1.19.0/STM32CubeIDE/plugins/com.st.stm32cube.ide.mcu.externaltools.gnu-tools-for-stm32.13.3.rel1.win32_1.0.0.202411081344/tools/bin/../lib/gcc/arm-none-eabi/13.3.1/thumb/v7e-m+fp/hard/crtbegin.o
 .text          0x080001e0       0x14 C:/ST/STM32CubeIDE_1.19.0/STM32CubeIDE/plugins/com.st.stm32cube.ide.mcu.externaltools.gnu-tools-for-stm32.13.3.rel1.win32_1.0.0.202411081344/tools/bin/../lib/gcc/arm-none-eabi/13.3.1/../../../../arm-none-eabi/lib/thumb/v7e-m+fp/hard\libc_nano.a(libc_a-strcmp.o)
                0x080001e0                strcmp
 .text          0x080001f4       0x10 C:/ST/STM32CubeIDE_1.19.0/STM32CubeIDE/plugins/com.st.stm32cube.ide.mcu.externaltools.gnu-tools-for-stm32.13.3.rel1.win32_1.0.0.202411081344/tools/bin/../lib/gcc/arm-none-eabi/13.3.1/../../../../arm-none-eabi/lib/thumb/v7e-m+fp/hard\libc_nano.a(libc_a-strlen.o)
                0x080001f4                strlen
 *fill*         0x08000204        0xc 
 .text          0x08000210       0xa0 C:/ST/STM32CubeIDE_1.19.0/STM32CubeIDE/plugins/com.st.stm32cube.ide.mcu.externaltools.gnu-tools-for-stm32.13.3.rel1.win32_1.0.0.202411081344/tools/bin/../lib/gcc/arm-none-eabi/13.3.1/../../../../arm-none-eabi/lib/thumb/v7e-m+fp/hard\libc_nano.a(libc_a-memchr.o)
                0x08000210                memchr
 .text          0x080002b0       0x30 C:/ST/STM32CubeIDE_1.19.0/STM32CubeIDE/plugins/com.st.stm32cube.ide.mcu.externaltools.gnu-tools-for-stm32.13.3.rel1.win32_1.0.0.202411081344/tools/bin/../lib/gcc/arm-none-eabi/13.3.1/thumb/v7e-m+fp/hard\libgcc.a(_aeabi_uldivmod.o)
                0x080002b0                __aeabi_uldivmod
 .text          0x080002e0      0x2f8 C:/ST/STM32CubeIDE_1.19.0/STM32CubeIDE/plugins/com.st.stm32cube.ide.mcu.externaltools.gnu-tools-for-stm32.13.3.rel1.win32_1.0.0.202411081344/tools/bin/../lib/gcc/arm-none-eabi/13.3.1/thumb/v7e-m+fp/hard\libgcc.a(_udivmoddi4.o)
                0x080002e0                __udivmoddi4
 .text          0x080005d8        0x4 C:/ST/STM32CubeIDE_1.19.0/STM32CubeIDE/plugins/com.st.stm32cube.ide.mcu.externaltools.gnu-tools-for-stm32.13.3.rel1.win32_1.0.0.202411081344/tools/bin/../lib/gcc/arm-none-eabi/13.3.1/thumb/v7e-m+fp/hard\libgcc.a(_dvmd_tls.o)
                0x080005d8                __aeabi_idiv0
                0x080005d8                __aeabi_ldiv0
 *(.text*)
 .text.__NVIC_SystemReset
                0x080005dc       0x2c ./Core/Src/main.o
 .text.main     0x08000608      0x200 ./Core/Src/main.o
                0x08000608                main
 .text.SystemClock_Config
                0x08000808       0xd8 ./Core/Src/main.o
                0x08000808                SystemClock_Config
 .text.MX_RTC_Init
                0x080008e0       0xc8 ./Core/Src/main.o
 .text.MX_USART1_UART_Init
                0x080009a8       0x54 ./Core/Src/main.o
 .text.MX_I2C1_Init
                0x080009fc       0x54 ./Core/Src/main.o
                0x080009fc                MX_I2C1_Init
 .text.MX_GPIO_Init
                0x08000a50      0x1dc ./Core/Src/main.o
 .text.Modem_Send_AT
                0x08000c2c       0x40 ./Core/Src/main.o
                0x08000c2c                Modem_Send_AT
 .text.Modem_FSM_Run
                0x08000c6c     0x1274 ./Core/Src/main.o
                0x08000c6c                Modem_FSM_Run
 .text.SMS_FSM_Run
                0x08001ee0      0x230 ./Core/Src/main.o
                0x08001ee0                SMS_FSM_Run
 .text.Bridge_Process
                0x08002110      0x1b0 ./Core/Src/main.o
                0x08002110                Bridge_Process
 .text.Config_Mode_UART_TX_RX
                0x080022c0      0x210 ./Core/Src/main.o
                0x080022c0                Config_Mode_UART_TX_RX
 .text.Button_Process
                0x080024d0       0x40 ./Core/Src/main.o
                0x080024d0                Button_Process
 .text.Modem_Reset
                0x08002510       0x44 ./Core/Src/main.o
                0x08002510                Modem_Reset
 .text.Modem_Get_Line
                0x08002554       0x74 ./Core/Src/main.o
                0x08002554                Modem_Get_Line
 .text.RingBuffer_Write
                0x080025c8       0x48 ./Core/Src/main.o
                0x080025c8                RingBuffer_Write
 .text.RingBuffer_Read
                0x08002610       0x50 ./Core/Src/main.o
                0x08002610                RingBuffer_Read
 .text.RingBuffer_Clear
                0x08002660       0x2c ./Core/Src/main.o
                0x08002660                RingBuffer_Clear
 .text.EventQueue_Init
                0x0800268c       0x24 ./Core/Src/main.o
                0x0800268c                EventQueue_Init
 .text.Queue_Push
                0x080026b0       0x4a ./Core/Src/main.o
                0x080026b0                Queue_Push
 .text.Queue_Pop
                0x080026fa       0x50 ./Core/Src/main.o
                0x080026fa                Queue_Pop
 *fill*         0x0800274a        0x2 
 .text.Dispatch_Event
                0x0800274c       0x48 ./Core/Src/main.o
                0x0800274c                Dispatch_Event
 .text.Parse_SMS_Index
                0x08002794       0x2c ./Core/Src/main.o
                0x08002794                Parse_SMS_Index
 .text.Modem_Process_Buffer
                0x080027c0      0x988 ./Core/Src/main.o
                0x080027c0                Modem_Process_Buffer
 .text.HAL_UART_RxCpltCallback
                0x08003148       0x40 ./Core/Src/main.o
                0x08003148                HAL_UART_RxCpltCallback
 .text.UART1_Process_RingBuffer
                0x08003188       0x30 ./Core/Src/main.o
                0x08003188                UART1_Process_RingBuffer
 .text.Parser_Feed
                0x080031b8       0xc8 ./Core/Src/main.o
                0x080031b8                Parser_Feed
 .text.Process_Line
                0x08003280       0x5e ./Core/Src/main.o
                0x08003280                Process_Line
 *fill*         0x080032de        0x2 
 .text.Is_AT_Command
                0x080032e0       0x40 ./Core/Src/main.o
                0x080032e0                Is_AT_Command
 .text.Is_Config_Command
                0x08003320       0x40 ./Core/Src/main.o
                0x08003320                Is_Config_Command
 .text.Is_CID_Event
                0x08003360       0x80 ./Core/Src/main.o
                0x08003360                Is_CID_Event
 .text.Process_CID_Event
                0x080033e0       0x44 ./Core/Src/main.o
                0x080033e0                Process_CID_Event
 .text.Process_Heartbeat
                0x08003424       0x44 ./Core/Src/main.o
                0x08003424                Process_Heartbeat
 .text.Is_Heartbeat
                0x08003468       0x2c ./Core/Src/main.o
                0x08003468                Is_Heartbeat
 .text.Process_AT_Command
                0x08003494       0x34 ./Core/Src/main.o
                0x08003494                Process_AT_Command
 .text.Process_Config_Command
                0x080034c8       0x24 ./Core/Src/main.o
                0x080034c8                Process_Config_Command
 .text.RingBufferUart_Put
                0x080034ec       0x5e ./Core/Src/main.o
                0x080034ec                RingBufferUart_Put
 .text.RingBufferUart_Get
                0x0800354a       0x62 ./Core/Src/main.o
                0x0800354a                RingBufferUart_Get
 .text.RingBufferUart_Clear
                0x080035ac       0x24 ./Core/Src/main.o
                0x080035ac                RingBufferUart_Clear
 .text.Queue_CID_Message
                0x080035d0       0x30 ./Core/Src/main.o
                0x080035d0                Queue_CID_Message
 .text.Queue_Heartbeat
                0x08003600       0x30 ./Core/Src/main.o
                0x08003600                Queue_Heartbeat
 .text.USBH_CDC_ReceiveCallback
                0x08003630       0xb0 ./Core/Src/main.o
                0x08003630                USBH_CDC_ReceiveCallback
 .text.CID_Parse_Event
                0x080036e0       0x94 ./Core/Src/main.o
                0x080036e0                CID_Parse_Event
 .text.CID_Parse_Heartbeat
                0x08003774       0x78 ./Core/Src/main.o
                0x08003774                CID_Parse_Heartbeat
 .text.Parse_DNS_Response
                0x080037ec       0x60 ./Core/Src/main.o
                0x080037ec                Parse_DNS_Response
 .text.System_Mode_Task
                0x0800384c       0xc0 ./Core/Src/main.o
                0x0800384c                System_Mode_Task
 .text.Parse_Command
                0x0800390c       0x7c ./Core/Src/main.o
                0x0800390c                Parse_Command
 .text.CMD_Read_Config
                0x08003988       0x98 ./Core/Src/main.o
                0x08003988                CMD_Read_Config
 .text.Build_Config_JSON
                0x08003a20       0xf0 ./Core/Src/main.o
                0x08003a20                Build_Config_JSON
 .text.CMD_Write_Config
                0x08003b10       0x1c ./Core/Src/main.o
                0x08003b10                CMD_Write_Config
 .text.CMD_Save_Config
                0x08003b2c       0x30 ./Core/Src/main.o
                0x08003b2c                CMD_Save_Config
 .text.CMD_Default_Config
                0x08003b5c       0x34 ./Core/Src/main.o
                0x08003b5c                CMD_Default_Config
 .text.CMD_Reboot
                0x08003b90       0x18 ./Core/Src/main.o
                0x08003b90                CMD_Reboot
 .text.Send_ACK
                0x08003ba8       0x84 ./Core/Src/main.o
                0x08003ba8                Send_ACK
 .text.Send_Error
                0x08003c2c       0x84 ./Core/Src/main.o
                0x08003c2c                Send_Error
 .text.Verify_Frame_Format
                0x08003cb0       0x38 ./Core/Src/main.o
                0x08003cb0                Verify_Frame_Format
 .text.EEPROM_Log_Read
                0x08003ce8       0x40 ./Core/Src/main.o
                0x08003ce8                EEPROM_Log_Read
 .text.EEPROM_Log_Init
                0x08003d28       0x44 ./Core/Src/main.o
                0x08003d28                EEPROM_Log_Init
 .text.CMD_Log_Info
                0x08003d6c       0x44 ./Core/Src/main.o
                0x08003d6c                CMD_Log_Info
 .text.CMD_Log_Read
                0x08003db0       0x7c ./Core/Src/main.o
                0x08003db0                CMD_Log_Read
 .text.Get_LogRead_Index
                0x08003e2c       0xa0 ./Core/Src/main.o
                0x08003e2c                Get_LogRead_Index
 .text.CMD_Log_Clear
                0x08003ecc       0x3c ./Core/Src/main.o
                0x08003ecc                CMD_Log_Clear
 .text.Modem_Log
                0x08003f08       0x50 ./Core/Src/main.o
                0x08003f08                Modem_Log
 .text.EEPROM_Log_Write
                0x08003f58       0x54 ./Core/Src/main.o
                0x08003f58                EEPROM_Log_Write
 .text.EEPROM_Write_Buffer
                0x08003fac       0x4c ./Core/Src/main.o
                0x08003fac                EEPROM_Write_Buffer
 .text.EEPROM_Read_Buffer
                0x08003ff8       0x38 ./Core/Src/main.o
                0x08003ff8                EEPROM_Read_Buffer
 .text.EEPROM_IsPresent
                0x08004030       0x24 ./Core/Src/main.o
                0x08004030                EEPROM_IsPresent
 .text.Verify_Frame_CRC
                0x08004054       0x5c ./Core/Src/main.o
                0x08004054                Verify_Frame_CRC
 .text.ModemEvent_ToString
                0x080040b0      0x340 ./Core/Src/main.o
                0x080040b0                ModemEvent_ToString
 .text.Verify_Password
                0x080043f0       0xa8 ./Core/Src/main.o
                0x080043f0                Verify_Password
 .text.Parse_JSON_To_Runtime_Config
                0x08004498      0x354 ./Core/Src/main.o
                0x08004498                Parse_JSON_To_Runtime_Config
 .text.JSON_Get_String
                0x080047ec       0xa0 ./Core/Src/main.o
                0x080047ec                JSON_Get_String
 .text.JSON_Get_Int
                0x0800488c       0x70 ./Core/Src/main.o
                0x0800488c                JSON_Get_Int
 .text.CRC16_CCITT
                0x080048fc       0x82 ./Core/Src/main.o
                0x080048fc                CRC16_CCITT
 *fill*         0x0800497e        0x2 
 .text.Debug_Print
                0x08004980       0x28 ./Core/Src/main.o
                0x08004980                Debug_Print
 .text.Load_Default_Config
                0x080049a8      0x1b4 ./Core/Src/main.o
                0x080049a8                Load_Default_Config
 .text.Flash_Load_Config
                0x08004b5c       0x60 ./Core/Src/main.o
                0x08004b5c                Flash_Load_Config
 .text.Flash_Save_Config
                0x08004bbc      0x160 ./Core/Src/main.o
                0x08004bbc                Flash_Save_Config
 .text.CRC32    0x08004d1c       0x78 ./Core/Src/main.o
                0x08004d1c                CRC32
 .text.LED_Init
                0x08004d94       0x88 ./Core/Src/main.o
                0x08004d94                LED_Init
 .text.LED_Set  0x08004e1c       0x2c ./Core/Src/main.o
                0x08004e1c                LED_Set
 .text.LED_Task
                0x08004e48      0x13c ./Core/Src/main.o
                0x08004e48                LED_Task
 .text.LED_Update_From_Event
                0x08004f84      0x320 ./Core/Src/main.o
                0x08004f84                LED_Update_From_Event
 .text.RS232_Monitor_Task
                0x080052a4       0x64 ./Core/Src/main.o
                0x080052a4                RS232_Monitor_Task
 .text.RTC_Set_From_CCLK
                0x08005308       0xac ./Core/Src/main.o
                0x08005308                RTC_Set_From_CCLK
 .text.Error_Handler
                0x080053b4       0x18 ./Core/Src/main.o
                0x080053b4                Error_Handler
 .text.HAL_MspInit
                0x080053cc       0x50 ./Core/Src/stm32f4xx_hal_msp.o
                0x080053cc                HAL_MspInit
 .text.HAL_RTC_MspInit
                0x0800541c       0x58 ./Core/Src/stm32f4xx_hal_msp.o
                0x0800541c                HAL_RTC_MspInit
 .text.HAL_UART_MspInit
                0x08005474       0xa0 ./Core/Src/stm32f4xx_hal_msp.o
                0x08005474                HAL_UART_MspInit
 .text.NMI_Handler
                0x08005514        0x8 ./Core/Src/stm32f4xx_it.o
                0x08005514                NMI_Handler
 .text.HardFault_Handler
                0x0800551c        0x8 ./Core/Src/stm32f4xx_it.o
                0x0800551c                HardFault_Handler
 .text.MemManage_Handler
                0x08005524        0x8 ./Core/Src/stm32f4xx_it.o
                0x08005524                MemManage_Handler
 .text.BusFault_Handler
                0x0800552c        0x8 ./Core/Src/stm32f4xx_it.o
                0x0800552c                BusFault_Handler
 .text.UsageFault_Handler
                0x08005534        0x8 ./Core/Src/stm32f4xx_it.o
                0x08005534                UsageFault_Handler
 .text.SVC_Handler
                0x0800553c        0xe ./Core/Src/stm32f4xx_it.o
                0x0800553c                SVC_Handler
 .text.DebugMon_Handler
                0x0800554a        0xe ./Core/Src/stm32f4xx_it.o
                0x0800554a                DebugMon_Handler
 .text.PendSV_Handler
                0x08005558        0xe ./Core/Src/stm32f4xx_it.o
                0x08005558                PendSV_Handler
 .text.SysTick_Handler
                0x08005566        0xc ./Core/Src/stm32f4xx_it.o
                0x08005566                SysTick_Handler
 *fill*         0x08005572        0x2 
 .text.USART1_IRQHandler
                0x08005574       0x14 ./Core/Src/stm32f4xx_it.o
                0x08005574                USART1_IRQHandler
 .text.OTG_FS_IRQHandler
                0x08005588       0x14 ./Core/Src/stm32f4xx_it.o
                0x08005588                OTG_FS_IRQHandler
 .text._sbrk    0x0800559c       0x6c ./Core/Src/sysmem.o
                0x0800559c                _sbrk
 .text.SystemInit
                0x08005608       0x24 ./Core/Src/system_stm32f4xx.o
                0x08005608                SystemInit
 .text.Reset_Handler
                0x0800562c       0x50 ./Core/Startup/startup_stm32f401ccux.o
                0x0800562c                Reset_Handler
 .text.Default_Handler
                0x0800567c        0x2 ./Core/Startup/startup_stm32f401ccux.o
                0x0800567c                RTC_Alarm_IRQHandler
                0x0800567c                EXTI2_IRQHandler
                0x0800567c                SPI4_IRQHandler
                0x0800567c                TIM1_CC_IRQHandler
                0x0800567c                DMA2_Stream5_IRQHandler
                0x0800567c                DMA1_Stream5_IRQHandler
                0x0800567c                PVD_IRQHandler
                0x0800567c                SDIO_IRQHandler
                0x0800567c                TAMP_STAMP_IRQHandler
                0x0800567c                EXTI3_IRQHandler
                0x0800567c                TIM1_UP_TIM10_IRQHandler
                0x0800567c                I2C3_ER_IRQHandler
                0x0800567c                EXTI0_IRQHandler
                0x0800567c                I2C2_EV_IRQHandler
                0x0800567c                DMA1_Stream2_IRQHandler
                0x0800567c                FPU_IRQHandler
                0x0800567c                DMA2_Stream2_IRQHandler
                0x0800567c                SPI1_IRQHandler
                0x0800567c                TIM1_BRK_TIM9_IRQHandler
                0x0800567c                DMA2_Stream3_IRQHandler
                0x0800567c                USART6_IRQHandler
                0x0800567c                DMA2_Stream0_IRQHandler
                0x0800567c                TIM4_IRQHandler
                0x0800567c                I2C1_EV_IRQHandler
                0x0800567c                DMA1_Stream6_IRQHandler
                0x0800567c                DMA1_Stream1_IRQHandler
                0x0800567c                TIM3_IRQHandler
                0x0800567c                RCC_IRQHandler
                0x0800567c                Default_Handler
                0x0800567c                EXTI15_10_IRQHandler
                0x0800567c                ADC_IRQHandler
                0x0800567c                DMA1_Stream7_IRQHandler
                0x0800567c                TIM5_IRQHandler
                0x0800567c                DMA2_Stream7_IRQHandler
                0x0800567c                I2C3_EV_IRQHandler
                0x0800567c                EXTI9_5_IRQHandler
                0x0800567c                RTC_WKUP_IRQHandler
                0x0800567c                SPI2_IRQHandler
                0x0800567c                DMA1_Stream0_IRQHandler
                0x0800567c                EXTI4_IRQHandler
                0x0800567c                WWDG_IRQHandler
                0x0800567c                TIM2_IRQHandler
                0x0800567c                OTG_FS_WKUP_IRQHandler
                0x0800567c                TIM1_TRG_COM_TIM11_IRQHandler
                0x0800567c                EXTI1_IRQHandler
                0x0800567c                USART2_IRQHandler
                0x0800567c                I2C2_ER_IRQHandler
                0x0800567c                DMA2_Stream1_IRQHandler
                0x0800567c                FLASH_IRQHandler
                0x0800567c                DMA2_Stream4_IRQHandler
                0x0800567c                SPI3_IRQHandler
                0x0800567c                DMA1_Stream4_IRQHandler
                0x0800567c                I2C1_ER_IRQHandler
                0x0800567c                DMA2_Stream6_IRQHandler
                0x0800567c                DMA1_Stream3_IRQHandler
 *fill*         0x0800567e        0x2 
 .text.HAL_Init
                0x08005680       0x44 ./Drivers/STM32F4xx_HAL_Driver/Src/stm32f4xx_hal.o
                0x08005680                HAL_Init
 .text.HAL_InitTick
                0x080056c4       0x60 ./Drivers/STM32F4xx_HAL_Driver/Src/stm32f4xx_hal.o
                0x080056c4                HAL_InitTick
 .text.HAL_IncTick
                0x08005724       0x28 ./Drivers/STM32F4xx_HAL_Driver/Src/stm32f4xx_hal.o
                0x08005724                HAL_IncTick
 .text.HAL_GetTick
                0x0800574c       0x18 ./Drivers/STM32F4xx_HAL_Driver/Src/stm32f4xx_hal.o
                0x0800574c                HAL_GetTick
 .text.HAL_Delay
                0x08005764       0x48 ./Drivers/STM32F4xx_HAL_Driver/Src/stm32f4xx_hal.o
                0x08005764                HAL_Delay
 .text.__NVIC_SetPriorityGrouping
                0x080057ac       0x48 ./Drivers/STM32F4xx_HAL_Driver/Src/stm32f4xx_hal_cortex.o
 .text.__NVIC_GetPriorityGrouping
                0x080057f4       0x1c ./Drivers/STM32F4xx_HAL_Driver/Src/stm32f4xx_hal_cortex.o
 .text.__NVIC_EnableIRQ
                0x08005810       0x3c ./Drivers/STM32F4xx_HAL_Driver/Src/stm32f4xx_hal_cortex.o
 .text.__NVIC_SetPriority
                0x0800584c       0x54 ./Drivers/STM32F4xx_HAL_Driver/Src/stm32f4xx_hal_cortex.o
 .text.NVIC_EncodePriority
                0x080058a0       0x66 ./Drivers/STM32F4xx_HAL_Driver/Src/stm32f4xx_hal_cortex.o
 *fill*         0x08005906        0x2 
 .text.SysTick_Config
                0x08005908       0x44 ./Drivers/STM32F4xx_HAL_Driver/Src/stm32f4xx_hal_cortex.o
 .text.HAL_NVIC_SetPriorityGrouping
                0x0800594c       0x16 ./Drivers/STM32F4xx_HAL_Driver/Src/stm32f4xx_hal_cortex.o
                0x0800594c                HAL_NVIC_SetPriorityGrouping
 .text.HAL_NVIC_SetPriority
                0x08005962       0x38 ./Drivers/STM32F4xx_HAL_Driver/Src/stm32f4xx_hal_cortex.o
                0x08005962                HAL_NVIC_SetPriority
 .text.HAL_NVIC_EnableIRQ
                0x0800599a       0x1c ./Drivers/STM32F4xx_HAL_Driver/Src/stm32f4xx_hal_cortex.o
                0x0800599a                HAL_NVIC_EnableIRQ
 .text.HAL_SYSTICK_Config
                0x080059b6       0x18 ./Drivers/STM32F4xx_HAL_Driver/Src/stm32f4xx_hal_cortex.o
                0x080059b6                HAL_SYSTICK_Config
 .text.HAL_DMA_Abort
                0x080059ce       0xe0 ./Drivers/STM32F4xx_HAL_Driver/Src/stm32f4xx_hal_dma.o
                0x080059ce                HAL_DMA_Abort
 .text.HAL_DMA_Abort_IT
                0x08005aae       0x44 ./Drivers/STM32F4xx_HAL_Driver/Src/stm32f4xx_hal_dma.o
                0x08005aae                HAL_DMA_Abort_IT
 *fill*         0x08005af2        0x2 
 .text.HAL_FLASH_Program
                0x08005af4       0xa4 ./Drivers/STM32F4xx_HAL_Driver/Src/stm32f4xx_hal_flash.o
                0x08005af4                HAL_FLASH_Program
 .text.HAL_FLASH_Unlock
                0x08005b98       0x44 ./Drivers/STM32F4xx_HAL_Driver/Src/stm32f4xx_hal_flash.o
                0x08005b98                HAL_FLASH_Unlock
 .text.HAL_FLASH_Lock
                0x08005bdc       0x20 ./Drivers/STM32F4xx_HAL_Driver/Src/stm32f4xx_hal_flash.o
                0x08005bdc                HAL_FLASH_Lock
 .text.FLASH_WaitForLastOperation
                0x08005bfc       0x80 ./Drivers/STM32F4xx_HAL_Driver/Src/stm32f4xx_hal_flash.o
                0x08005bfc                FLASH_WaitForLastOperation
 .text.FLASH_Program_DoubleWord
                0x08005c7c       0x64 ./Drivers/STM32F4xx_HAL_Driver/Src/stm32f4xx_hal_flash.o
 .text.FLASH_Program_Word
                0x08005ce0       0x44 ./Drivers/STM32F4xx_HAL_Driver/Src/stm32f4xx_hal_flash.o
 .text.FLASH_Program_HalfWord
                0x08005d24       0x48 ./Drivers/STM32F4xx_HAL_Driver/Src/stm32f4xx_hal_flash.o
 .text.FLASH_Program_Byte
                0x08005d6c       0x44 ./Drivers/STM32F4xx_HAL_Driver/Src/stm32f4xx_hal_flash.o
 .text.FLASH_SetErrorCode
                0x08005db0       0xcc ./Drivers/STM32F4xx_HAL_Driver/Src/stm32f4xx_hal_flash.o
 .text.HAL_FLASHEx_Erase
                0x08005e7c       0xdc ./Drivers/STM32F4xx_HAL_Driver/Src/stm32f4xx_hal_flash_ex.o
                0x08005e7c                HAL_FLASHEx_Erase
 .text.FLASH_MassErase
                0x08005f58       0x48 ./Drivers/STM32F4xx_HAL_Driver/Src/stm32f4xx_hal_flash_ex.o
 .text.FLASH_Erase_Sector
                0x08005fa0       0x90 ./Drivers/STM32F4xx_HAL_Driver/Src/stm32f4xx_hal_flash_ex.o
                0x08005fa0                FLASH_Erase_Sector
 .text.FLASH_FlushCaches
                0x08006030       0x8c ./Drivers/STM32F4xx_HAL_Driver/Src/stm32f4xx_hal_flash_ex.o
                0x08006030                FLASH_FlushCaches
 .text.HAL_GPIO_Init
                0x080060bc      0x308 ./Drivers/STM32F4xx_HAL_Driver/Src/stm32f4xx_hal_gpio.o
                0x080060bc                HAL_GPIO_Init
 .text.HAL_GPIO_ReadPin
                0x080063c4       0x30 ./Drivers/STM32F4xx_HAL_Driver/Src/stm32f4xx_hal_gpio.o
                0x080063c4                HAL_GPIO_ReadPin
 .text.HAL_GPIO_WritePin
                0x080063f4       0x32 ./Drivers/STM32F4xx_HAL_Driver/Src/stm32f4xx_hal_gpio.o
                0x080063f4                HAL_GPIO_WritePin
 .text.HAL_HCD_Init
                0x08006426       0xce ./Drivers/STM32F4xx_HAL_Driver/Src/stm32f4xx_hal_hcd.o
                0x08006426                HAL_HCD_Init
 .text.HAL_HCD_HC_Init
                0x080064f4      0x170 ./Drivers/STM32F4xx_HAL_Driver/Src/stm32f4xx_hal_hcd.o
                0x080064f4                HAL_HCD_HC_Init
 .text.HAL_HCD_HC_SubmitRequest
                0x08006664      0x33c ./Drivers/STM32F4xx_HAL_Driver/Src/stm32f4xx_hal_hcd.o
                0x08006664                HAL_HCD_HC_SubmitRequest
 .text.HAL_HCD_IRQHandler
                0x080069a0      0x220 ./Drivers/STM32F4xx_HAL_Driver/Src/stm32f4xx_hal_hcd.o
                0x080069a0                HAL_HCD_IRQHandler
 .text.HAL_HCD_Start
                0x08006bc0       0x46 ./Drivers/STM32F4xx_HAL_Driver/Src/stm32f4xx_hal_hcd.o
                0x08006bc0                HAL_HCD_Start
 .text.HAL_HCD_Stop
                0x08006c06       0x3a ./Drivers/STM32F4xx_HAL_Driver/Src/stm32f4xx_hal_hcd.o
                0x08006c06                HAL_HCD_Stop
 .text.HAL_HCD_ResetPort
                0x08006c40       0x1c ./Drivers/STM32F4xx_HAL_Driver/Src/stm32f4xx_hal_hcd.o
                0x08006c40                HAL_HCD_ResetPort
 .text.HAL_HCD_HC_GetURBState
                0x08006c5c       0x2a ./Drivers/STM32F4xx_HAL_Driver/Src/stm32f4xx_hal_hcd.o
                0x08006c5c                HAL_HCD_HC_GetURBState
 .text.HAL_HCD_HC_GetXferCount
                0x08006c86       0x2a ./Drivers/STM32F4xx_HAL_Driver/Src/stm32f4xx_hal_hcd.o
                0x08006c86                HAL_HCD_HC_GetXferCount
 .text.HAL_HCD_GetCurrentFrame
                0x08006cb0       0x1c ./Drivers/STM32F4xx_HAL_Driver/Src/stm32f4xx_hal_hcd.o
                0x08006cb0                HAL_HCD_GetCurrentFrame
 .text.HAL_HCD_GetCurrentSpeed
                0x08006ccc       0x1c ./Drivers/STM32F4xx_HAL_Driver/Src/stm32f4xx_hal_hcd.o
                0x08006ccc                HAL_HCD_GetCurrentSpeed
 .text.HAL_HCD_HC_ClearHubInfo
                0x08006ce8       0x6a ./Drivers/STM32F4xx_HAL_Driver/Src/stm32f4xx_hal_hcd.o
                0x08006ce8                HAL_HCD_HC_ClearHubInfo
 .text.HCD_HC_IN_IRQHandler
                0x08006d52      0xcd2 ./Drivers/STM32F4xx_HAL_Driver/Src/stm32f4xx_hal_hcd.o
 .text.HCD_HC_OUT_IRQHandler
                0x08007a24      0x97e ./Drivers/STM32F4xx_HAL_Driver/Src/stm32f4xx_hal_hcd.o
 .text.HCD_RXQLVL_IRQHandler
                0x080083a2      0x1be ./Drivers/STM32F4xx_HAL_Driver/Src/stm32f4xx_hal_hcd.o
 .text.HCD_Port_IRQHandler
                0x08008560       0xe6 ./Drivers/STM32F4xx_HAL_Driver/Src/stm32f4xx_hal_hcd.o
 *fill*         0x08008646        0x2 
 .text.HAL_I2C_Init
                0x08008648      0x288 ./Drivers/STM32F4xx_HAL_Driver/Src/stm32f4xx_hal_i2c.o
                0x08008648                HAL_I2C_Init
 .text.HAL_I2C_MspInit
                0x080088d0       0x14 ./Drivers/STM32F4xx_HAL_Driver/Src/stm32f4xx_hal_i2c.o
                0x080088d0                HAL_I2C_MspInit
 .text.HAL_I2C_Mem_Write
                0x080088e4      0x1f4 ./Drivers/STM32F4xx_HAL_Driver/Src/stm32f4xx_hal_i2c.o
                0x080088e4                HAL_I2C_Mem_Write
 .text.HAL_I2C_Mem_Read
                0x08008ad8      0x464 ./Drivers/STM32F4xx_HAL_Driver/Src/stm32f4xx_hal_i2c.o
                0x08008ad8                HAL_I2C_Mem_Read
 .text.HAL_I2C_IsDeviceReady
                0x08008f3c      0x25c ./Drivers/STM32F4xx_HAL_Driver/Src/stm32f4xx_hal_i2c.o
                0x08008f3c                HAL_I2C_IsDeviceReady
 .text.I2C_RequestMemoryWrite
                0x08009198      0x12c ./Drivers/STM32F4xx_HAL_Driver/Src/stm32f4xx_hal_i2c.o
 .text.I2C_RequestMemoryRead
                0x080092c4      0x1d0 ./Drivers/STM32F4xx_HAL_Driver/Src/stm32f4xx_hal_i2c.o
 .text.I2C_WaitOnFlagUntilTimeout
                0x08009494       0xf4 ./Drivers/STM32F4xx_HAL_Driver/Src/stm32f4xx_hal_i2c.o
 .text.I2C_WaitOnMasterAddressFlagUntilTimeout
                0x08009588      0x140 ./Drivers/STM32F4xx_HAL_Driver/Src/stm32f4xx_hal_i2c.o
 .text.I2C_WaitOnTXEFlagUntilTimeout
                0x080096c8       0x90 ./Drivers/STM32F4xx_HAL_Driver/Src/stm32f4xx_hal_i2c.o
 .text.I2C_WaitOnBTFFlagUntilTimeout
                0x08009758       0x90 ./Drivers/STM32F4xx_HAL_Driver/Src/stm32f4xx_hal_i2c.o
 .text.I2C_WaitOnRXNEFlagUntilTimeout
                0x080097e8       0xba ./Drivers/STM32F4xx_HAL_Driver/Src/stm32f4xx_hal_i2c.o
 .text.I2C_IsAcknowledgeFailed
                0x080098a2       0x5e ./Drivers/STM32F4xx_HAL_Driver/Src/stm32f4xx_hal_i2c.o
 .text.HAL_RCC_OscConfig
                0x08009900      0x4f0 ./Drivers/STM32F4xx_HAL_Driver/Src/stm32f4xx_hal_rcc.o
                0x08009900                HAL_RCC_OscConfig
 .text.HAL_RCC_ClockConfig
                0x08009df0      0x1cc ./Drivers/STM32F4xx_HAL_Driver/Src/stm32f4xx_hal_rcc.o
                0x08009df0                HAL_RCC_ClockConfig
 .text.HAL_RCC_GetSysClockFreq
                0x08009fbc      0x18c ./Drivers/STM32F4xx_HAL_Driver/Src/stm32f4xx_hal_rcc.o
                0x08009fbc                HAL_RCC_GetSysClockFreq
 .text.HAL_RCC_GetHCLKFreq
                0x0800a148       0x18 ./Drivers/STM32F4xx_HAL_Driver/Src/stm32f4xx_hal_rcc.o
                0x0800a148                HAL_RCC_GetHCLKFreq
 .text.HAL_RCC_GetPCLK1Freq
                0x0800a160       0x28 ./Drivers/STM32F4xx_HAL_Driver/Src/stm32f4xx_hal_rcc.o
                0x0800a160                HAL_RCC_GetPCLK1Freq
 .text.HAL_RCC_GetPCLK2Freq
                0x0800a188       0x28 ./Drivers/STM32F4xx_HAL_Driver/Src/stm32f4xx_hal_rcc.o
                0x0800a188                HAL_RCC_GetPCLK2Freq
 .text.HAL_RCCEx_PeriphCLKConfig
                0x0800a1b0      0x1dc ./Drivers/STM32F4xx_HAL_Driver/Src/stm32f4xx_hal_rcc_ex.o
                0x0800a1b0                HAL_RCCEx_PeriphCLKConfig
 .text.HAL_RTC_Init
                0x0800a38c      0x102 ./Drivers/STM32F4xx_HAL_Driver/Src/stm32f4xx_hal_rtc.o
                0x0800a38c                HAL_RTC_Init
 .text.HAL_RTC_SetTime
                0x0800a48e      0x134 ./Drivers/STM32F4xx_HAL_Driver/Src/stm32f4xx_hal_rtc.o
                0x0800a48e                HAL_RTC_SetTime
 .text.HAL_RTC_SetDate
                0x0800a5c2      0x108 ./Drivers/STM32F4xx_HAL_Driver/Src/stm32f4xx_hal_rtc.o
                0x0800a5c2                HAL_RTC_SetDate
 *fill*         0x0800a6ca        0x2 
 .text.HAL_RTC_WaitForSynchro
                0x0800a6cc       0x4c ./Drivers/STM32F4xx_HAL_Driver/Src/stm32f4xx_hal_rtc.o
                0x0800a6cc                HAL_RTC_WaitForSynchro
 .text.RTC_EnterInitMode
                0x0800a718       0x6e ./Drivers/STM32F4xx_HAL_Driver/Src/stm32f4xx_hal_rtc.o
                0x0800a718                RTC_EnterInitMode
 .text.RTC_ExitInitMode
                0x0800a786       0x4a ./Drivers/STM32F4xx_HAL_Driver/Src/stm32f4xx_hal_rtc.o
                0x0800a786                RTC_ExitInitMode
 .text.RTC_ByteToBcd2
                0x0800a7d0       0x3c ./Drivers/STM32F4xx_HAL_Driver/Src/stm32f4xx_hal_rtc.o
                0x0800a7d0                RTC_ByteToBcd2
 .text.HAL_RTCEx_BKUPWrite
                0x0800a80c       0x34 ./Drivers/STM32F4xx_HAL_Driver/Src/stm32f4xx_hal_rtc_ex.o
                0x0800a80c                HAL_RTCEx_BKUPWrite
 .text.HAL_RTCEx_BKUPRead
                0x0800a840       0x30 ./Drivers/STM32F4xx_HAL_Driver/Src/stm32f4xx_hal_rtc_ex.o
                0x0800a840                HAL_RTCEx_BKUPRead
 .text.HAL_UART_Init
                0x0800a870       0xa0 ./Drivers/STM32F4xx_HAL_Driver/Src/stm32f4xx_hal_uart.o
                0x0800a870                HAL_UART_Init
 .text.HAL_UART_Transmit
                0x0800a910      0x116 ./Drivers/STM32F4xx_HAL_Driver/Src/stm32f4xx_hal_uart.o
                0x0800a910                HAL_UART_Transmit
 .text.HAL_UART_Receive_IT
                0x0800aa26       0x4a ./Drivers/STM32F4xx_HAL_Driver/Src/stm32f4xx_hal_uart.o
                0x0800aa26                HAL_UART_Receive_IT
 .text.HAL_UART_IRQHandler
                0x0800aa70      0x554 ./Drivers/STM32F4xx_HAL_Driver/Src/stm32f4xx_hal_uart.o
                0x0800aa70                HAL_UART_IRQHandler
 .text.HAL_UART_TxCpltCallback
                0x0800afc4       0x14 ./Drivers/STM32F4xx_HAL_Driver/Src/stm32f4xx_hal_uart.o
                0x0800afc4                HAL_UART_TxCpltCallback
 .text.HAL_UART_ErrorCallback
                0x0800afd8       0x14 ./Drivers/STM32F4xx_HAL_Driver/Src/stm32f4xx_hal_uart.o
                0x0800afd8                HAL_UART_ErrorCallback
 .text.HAL_UARTEx_RxEventCallback
                0x0800afec       0x18 ./Drivers/STM32F4xx_HAL_Driver/Src/stm32f4xx_hal_uart.o
                0x0800afec                HAL_UARTEx_RxEventCallback
 .text.UART_WaitOnFlagUntilTimeout
                0x0800b004       0xb2 ./Drivers/STM32F4xx_HAL_Driver/Src/stm32f4xx_hal_uart.o
 .text.UART_Start_Receive_IT
                0x0800b0b6       0x74 ./Drivers/STM32F4xx_HAL_Driver/Src/stm32f4xx_hal_uart.o
                0x0800b0b6                UART_Start_Receive_IT
 .text.UART_EndRxTransfer
                0x0800b12a       0xc6 ./Drivers/STM32F4xx_HAL_Driver/Src/stm32f4xx_hal_uart.o
 .text.UART_DMAAbortOnError
                0x0800b1f0       0x22 ./Drivers/STM32F4xx_HAL_Driver/Src/stm32f4xx_hal_uart.o
 .text.UART_Transmit_IT
                0x0800b212       0xa0 ./Drivers/STM32F4xx_HAL_Driver/Src/stm32f4xx_hal_uart.o
 .text.UART_EndTransmit_IT
                0x0800b2b2       0x30 ./Drivers/STM32F4xx_HAL_Driver/Src/stm32f4xx_hal_uart.o
 .text.UART_Receive_IT
                0x0800b2e2      0x17c ./Drivers/STM32F4xx_HAL_Driver/Src/stm32f4xx_hal_uart.o
 *fill*         0x0800b45e        0x2 
 .text.UART_SetConfig
                0x0800b460      0x4e8 ./Drivers/STM32F4xx_HAL_Driver/Src/stm32f4xx_hal_uart.o
 .text.USB_CoreInit
                0x0800b948       0xc8 ./Drivers/STM32F4xx_HAL_Driver/Src/stm32f4xx_ll_usb.o
                0x0800b948                USB_CoreInit
 .text.USB_EnableGlobalInt
                0x0800ba10       0x22 ./Drivers/STM32F4xx_HAL_Driver/Src/stm32f4xx_ll_usb.o
                0x0800ba10                USB_EnableGlobalInt
 .text.USB_DisableGlobalInt
                0x0800ba32       0x22 ./Drivers/STM32F4xx_HAL_Driver/Src/stm32f4xx_ll_usb.o
                0x0800ba32                USB_DisableGlobalInt
 .text.USB_SetCurrentMode
                0x0800ba54       0x98 ./Drivers/STM32F4xx_HAL_Driver/Src/stm32f4xx_ll_usb.o
                0x0800ba54                USB_SetCurrentMode
 .text.USB_FlushTxFifo
                0x0800baec       0x64 ./Drivers/STM32F4xx_HAL_Driver/Src/stm32f4xx_ll_usb.o
                0x0800baec                USB_FlushTxFifo
 .text.USB_FlushRxFifo
                0x0800bb50       0x5c ./Drivers/STM32F4xx_HAL_Driver/Src/stm32f4xx_ll_usb.o
                0x0800bb50                USB_FlushRxFifo
 .text.USB_WritePacket
                0x0800bbac       0x7c ./Drivers/STM32F4xx_HAL_Driver/Src/stm32f4xx_ll_usb.o
                0x0800bbac                USB_WritePacket
 .text.USB_ReadPacket
                0x0800bc28       0xb0 ./Drivers/STM32F4xx_HAL_Driver/Src/stm32f4xx_ll_usb.o
                0x0800bc28                USB_ReadPacket
 .text.USB_ReadInterrupts
                0x0800bcd8       0x26 ./Drivers/STM32F4xx_HAL_Driver/Src/stm32f4xx_ll_usb.o
                0x0800bcd8                USB_ReadInterrupts
 .text.USB_ReadChInterrupts
                0x0800bcfe       0x42 ./Drivers/STM32F4xx_HAL_Driver/Src/stm32f4xx_ll_usb.o
                0x0800bcfe                USB_ReadChInterrupts
 .text.USB_GetMode
                0x0800bd40       0x1c ./Drivers/STM32F4xx_HAL_Driver/Src/stm32f4xx_ll_usb.o
                0x0800bd40                USB_GetMode
 .text.USB_CoreReset
                0x0800bd5c       0x70 ./Drivers/STM32F4xx_HAL_Driver/Src/stm32f4xx_ll_usb.o
 .text.USB_HostInit
                0x0800bdcc      0x15c ./Drivers/STM32F4xx_HAL_Driver/Src/stm32f4xx_ll_usb.o
                0x0800bdcc                USB_HostInit
 .text.USB_InitFSLSPClkSel
                0x0800bf28       0x7a ./Drivers/STM32F4xx_HAL_Driver/Src/stm32f4xx_ll_usb.o
                0x0800bf28                USB_InitFSLSPClkSel
 .text.USB_ResetPort
                0x0800bfa2       0x54 ./Drivers/STM32F4xx_HAL_Driver/Src/stm32f4xx_ll_usb.o
                0x0800bfa2                USB_ResetPort
 .text.USB_DriveVbus
                0x0800bff6       0x72 ./Drivers/STM32F4xx_HAL_Driver/Src/stm32f4xx_ll_usb.o
                0x0800bff6                USB_DriveVbus
 .text.USB_GetHostSpeed
                0x0800c068       0x2e ./Drivers/STM32F4xx_HAL_Driver/Src/stm32f4xx_ll_usb.o
                0x0800c068                USB_GetHostSpeed
 .text.USB_GetCurrentFrame
                0x0800c096       0x22 ./Drivers/STM32F4xx_HAL_Driver/Src/stm32f4xx_ll_usb.o
                0x0800c096                USB_GetCurrentFrame
 .text.USB_HC_Init
                0x0800c0b8      0x22c ./Drivers/STM32F4xx_HAL_Driver/Src/stm32f4xx_ll_usb.o
                0x0800c0b8                USB_HC_Init
 .text.USB_HC_StartXfer
                0x0800c2e4      0x488 ./Drivers/STM32F4xx_HAL_Driver/Src/stm32f4xx_ll_usb.o
                0x0800c2e4                USB_HC_StartXfer
 .text.USB_HC_ReadInterrupt
                0x0800c76c       0x22 ./Drivers/STM32F4xx_HAL_Driver/Src/stm32f4xx_ll_usb.o
                0x0800c76c                USB_HC_ReadInterrupt
 .text.USB_HC_Halt
                0x0800c78e      0x240 ./Drivers/STM32F4xx_HAL_Driver/Src/stm32f4xx_ll_usb.o
                0x0800c78e                USB_HC_Halt
 .text.USB_StopHost
                0x0800c9ce      0x124 ./Drivers/STM32F4xx_HAL_Driver/Src/stm32f4xx_ll_usb.o
                0x0800c9ce                USB_StopHost
 .text.USBH_CDC_InterfaceInit
                0x0800caf2      0x2ac ./Middlewares/ST/STM32_USB_Host_Library/Class/CDC/Src/usbh_cdc.o
 .text.USBH_CDC_InterfaceDeInit
                0x0800cd9e       0xb2 ./Middlewares/ST/STM32_USB_Host_Library/Class/CDC/Src/usbh_cdc.o
 .text.USBH_CDC_ClassRequest
                0x0800ce50       0x3e ./Middlewares/ST/STM32_USB_Host_Library/Class/CDC/Src/usbh_cdc.o
 *fill*         0x0800ce8e        0x2 
 .text.USBH_CDC_Process
                0x0800ce90      0x12c ./Middlewares/ST/STM32_USB_Host_Library/Class/CDC/Src/usbh_cdc.o
 .text.USBH_CDC_SOFProcess
                0x0800cfbc       0x16 ./Middlewares/ST/STM32_USB_Host_Library/Class/CDC/Src/usbh_cdc.o
 .text.GetLineCoding
                0x0800cfd2       0x3e ./Middlewares/ST/STM32_USB_Host_Library/Class/CDC/Src/usbh_cdc.o
 .text.SetLineCoding
                0x0800d010       0x3e ./Middlewares/ST/STM32_USB_Host_Library/Class/CDC/Src/usbh_cdc.o
 .text.USBH_CDC_Transmit
                0x0800d04e       0x5c ./Middlewares/ST/STM32_USB_Host_Library/Class/CDC/Src/usbh_cdc.o
                0x0800d04e                USBH_CDC_Transmit
 .text.USBH_CDC_Receive
                0x0800d0aa       0x5c ./Middlewares/ST/STM32_USB_Host_Library/Class/CDC/Src/usbh_cdc.o
                0x0800d0aa                USBH_CDC_Receive
 .text.CDC_ProcessTransmission
                0x0800d106       0xec ./Middlewares/ST/STM32_USB_Host_Library/Class/CDC/Src/usbh_cdc.o
 .text.CDC_ProcessReception
                0x0800d1f2       0xb6 ./Middlewares/ST/STM32_USB_Host_Library/Class/CDC/Src/usbh_cdc.o
 .text.USBH_CDC_TransmitCallback
                0x0800d2a8       0x14 ./Middlewares/ST/STM32_USB_Host_Library/Class/CDC/Src/usbh_cdc.o
                0x0800d2a8                USBH_CDC_TransmitCallback
 .text.USBH_CDC_LineCodingChanged
                0x0800d2bc       0x14 ./Middlewares/ST/STM32_USB_Host_Library/Class/CDC/Src/usbh_cdc.o
                0x0800d2bc                USBH_CDC_LineCodingChanged
 .text.USBH_Init
                0x0800d2d0       0x74 ./Middlewares/ST/STM32_USB_Host_Library/Core/Src/usbh_core.o
                0x0800d2d0                USBH_Init
 .text.DeInitStateMachine
                0x0800d344       0xe2 ./Middlewares/ST/STM32_USB_Host_Library/Core/Src/usbh_core.o
 .text.USBH_RegisterClass
                0x0800d426       0x54 ./Middlewares/ST/STM32_USB_Host_Library/Core/Src/usbh_core.o
                0x0800d426                USBH_RegisterClass
 .text.USBH_SelectInterface
                0x0800d47a       0x38 ./Middlewares/ST/STM32_USB_Host_Library/Core/Src/usbh_core.o
                0x0800d47a                USBH_SelectInterface
 .text.USBH_FindInterface
                0x0800d4b2       0x8c ./Middlewares/ST/STM32_USB_Host_Library/Core/Src/usbh_core.o
                0x0800d4b2                USBH_FindInterface
 .text.USBH_Start
                0x0800d53e       0x20 ./Middlewares/ST/STM32_USB_Host_Library/Core/Src/usbh_core.o
                0x0800d53e                USBH_Start
 *fill*         0x0800d55e        0x2 
 .text.USBH_Process
                0x0800d560      0x3d4 ./Middlewares/ST/STM32_USB_Host_Library/Core/Src/usbh_core.o
                0x0800d560                USBH_Process
 .text.USBH_HandleEnum
                0x0800d934      0x3c0 ./Middlewares/ST/STM32_USB_Host_Library/Core/Src/usbh_core.o
 .text.USBH_LL_SetTimer
                0x0800dcf4       0x1e ./Middlewares/ST/STM32_USB_Host_Library/Core/Src/usbh_core.o
                0x0800dcf4                USBH_LL_SetTimer
 .text.USBH_LL_IncTimer
                0x0800dd12       0x24 ./Middlewares/ST/STM32_USB_Host_Library/Core/Src/usbh_core.o
                0x0800dd12                USBH_LL_IncTimer
 .text.USBH_HandleSof
                0x0800dd36       0x30 ./Middlewares/ST/STM32_USB_Host_Library/Core/Src/usbh_core.o
 .text.USBH_LL_PortEnabled
                0x0800dd66       0x1c ./Middlewares/ST/STM32_USB_Host_Library/Core/Src/usbh_core.o
                0x0800dd66                USBH_LL_PortEnabled
 .text.USBH_LL_PortDisabled
                0x0800dd82       0x24 ./Middlewares/ST/STM32_USB_Host_Library/Core/Src/usbh_core.o
                0x0800dd82                USBH_LL_PortDisabled
 .text.USBH_LL_Connect
                0x0800dda6       0x2e ./Middlewares/ST/STM32_USB_Host_Library/Core/Src/usbh_core.o
                0x0800dda6                USBH_LL_Connect
 .text.USBH_LL_Disconnect
                0x0800ddd4       0x48 ./Middlewares/ST/STM32_USB_Host_Library/Core/Src/usbh_core.o
                0x0800ddd4                USBH_LL_Disconnect
 .text.USBH_Get_DevDesc
                0x0800de1c       0x58 ./Middlewares/ST/STM32_USB_Host_Library/Core/Src/usbh_ctlreq.o
                0x0800de1c                USBH_Get_DevDesc
 .text.USBH_Get_CfgDesc
                0x0800de74       0x54 ./Middlewares/ST/STM32_USB_Host_Library/Core/Src/usbh_ctlreq.o
                0x0800de74                USBH_Get_CfgDesc
 .text.USBH_Get_StringDesc
                0x0800dec8       0x68 ./Middlewares/ST/STM32_USB_Host_Library/Core/Src/usbh_ctlreq.o
                0x0800dec8                USBH_Get_StringDesc
 .text.USBH_GetDescriptor
                0x0800df30       0x6a ./Middlewares/ST/STM32_USB_Host_Library/Core/Src/usbh_ctlreq.o
                0x0800df30                USBH_GetDescriptor
 .text.USBH_SetAddress
                0x0800df9a       0x48 ./Middlewares/ST/STM32_USB_Host_Library/Core/Src/usbh_ctlreq.o
                0x0800df9a                USBH_SetAddress
 .text.USBH_SetCfg
                0x0800dfe2       0x46 ./Middlewares/ST/STM32_USB_Host_Library/Core/Src/usbh_ctlreq.o
                0x0800dfe2                USBH_SetCfg
 .text.USBH_SetFeature
                0x0800e028       0x48 ./Middlewares/ST/STM32_USB_Host_Library/Core/Src/usbh_ctlreq.o
                0x0800e028                USBH_SetFeature
 .text.USBH_ClrFeature
                0x0800e070       0x48 ./Middlewares/ST/STM32_USB_Host_Library/Core/Src/usbh_ctlreq.o
                0x0800e070                USBH_ClrFeature
 .text.USBH_ParseDevDesc
                0x0800e0b8      0x160 ./Middlewares/ST/STM32_USB_Host_Library/Core/Src/usbh_ctlreq.o
 .text.USBH_ParseCfgDesc
                0x0800e218      0x1f8 ./Middlewares/ST/STM32_USB_Host_Library/Core/Src/usbh_ctlreq.o
 .text.USBH_ParseInterfaceDesc
                0x0800e410       0x5e ./Middlewares/ST/STM32_USB_Host_Library/Core/Src/usbh_ctlreq.o
 .text.USBH_ParseEPDesc
                0x0800e46e      0x1d0 ./Middlewares/ST/STM32_USB_Host_Library/Core/Src/usbh_ctlreq.o
 .text.USBH_ParseStringDesc
                0x0800e63e       0x66 ./Middlewares/ST/STM32_USB_Host_Library/Core/Src/usbh_ctlreq.o
 .text.USBH_GetNextDesc
                0x0800e6a4       0x34 ./Middlewares/ST/STM32_USB_Host_Library/Core/Src/usbh_ctlreq.o
                0x0800e6a4                USBH_GetNextDesc
 .text.USBH_CtlReq
                0x0800e6d8       0x7a ./Middlewares/ST/STM32_USB_Host_Library/Core/Src/usbh_ctlreq.o
                0x0800e6d8                USBH_CtlReq
 *fill*         0x0800e752        0x2 
 .text.USBH_HandleControl
                0x0800e754      0x2ec ./Middlewares/ST/STM32_USB_Host_Library/Core/Src/usbh_ctlreq.o
 .text.USBH_CtlSendSetup
                0x0800ea40       0x34 ./Middlewares/ST/STM32_USB_Host_Library/Core/Src/usbh_ioreq.o
                0x0800ea40                USBH_CtlSendSetup
 .text.USBH_CtlSendData
                0x0800ea74       0x4a ./Middlewares/ST/STM32_USB_Host_Library/Core/Src/usbh_ioreq.o
                0x0800ea74                USBH_CtlSendData
 .text.USBH_CtlReceiveData
                0x0800eabe       0x3c ./Middlewares/ST/STM32_USB_Host_Library/Core/Src/usbh_ioreq.o
                0x0800eabe                USBH_CtlReceiveData
 .text.USBH_BulkSendData
                0x0800eafa       0x4a ./Middlewares/ST/STM32_USB_Host_Library/Core/Src/usbh_ioreq.o
                0x0800eafa                USBH_BulkSendData
 .text.USBH_BulkReceiveData
                0x0800eb44       0x3c ./Middlewares/ST/STM32_USB_Host_Library/Core/Src/usbh_ioreq.o
                0x0800eb44                USBH_BulkReceiveData
 .text.USBH_OpenPipe
                0x0800eb80       0x3e ./Middlewares/ST/STM32_USB_Host_Library/Core/Src/usbh_pipes.o
                0x0800eb80                USBH_OpenPipe
 .text.USBH_ClosePipe
                0x0800ebbe       0x20 ./Middlewares/ST/STM32_USB_Host_Library/Core/Src/usbh_pipes.o
                0x0800ebbe                USBH_ClosePipe
 .text.USBH_AllocPipe
                0x0800ebde       0x42 ./Middlewares/ST/STM32_USB_Host_Library/Core/Src/usbh_pipes.o
                0x0800ebde                USBH_AllocPipe
 .text.USBH_FreePipe
                0x0800ec20       0x3c ./Middlewares/ST/STM32_USB_Host_Library/Core/Src/usbh_pipes.o
                0x0800ec20                USBH_FreePipe
 .text.USBH_GetFreePipe
                0x0800ec5c       0x48 ./Middlewares/ST/STM32_USB_Host_Library/Core/Src/usbh_pipes.o
 .text.MX_USB_HOST_Init
                0x0800eca4       0x4c ./USB_HOST/App/usb_host.o
                0x0800eca4                MX_USB_HOST_Init
 .text.MX_USB_HOST_Process
                0x0800ecf0       0x14 ./USB_HOST/App/usb_host.o
                0x0800ecf0                MX_USB_HOST_Process
 .text.USBH_UserProcess
                0x0800ed04       0xe0 ./USB_HOST/App/usb_host.o
 .text.HAL_HCD_MspInit
                0x0800ede4       0xa8 ./USB_HOST/Target/usbh_conf.o
                0x0800ede4                HAL_HCD_MspInit
 .text.HAL_HCD_SOF_Callback
                0x0800ee8c       0x1c ./USB_HOST/Target/usbh_conf.o
                0x0800ee8c                HAL_HCD_SOF_Callback
 .text.HAL_HCD_Connect_Callback
                0x0800eea8       0x1c ./USB_HOST/Target/usbh_conf.o
                0x0800eea8                HAL_HCD_Connect_Callback
 .text.HAL_HCD_Disconnect_Callback
                0x0800eec4       0x1c ./USB_HOST/Target/usbh_conf.o
                0x0800eec4                HAL_HCD_Disconnect_Callback
 .text.HAL_HCD_HC_NotifyURBChange_Callback
                0x0800eee0       0x1c ./USB_HOST/Target/usbh_conf.o
                0x0800eee0                HAL_HCD_HC_NotifyURBChange_Callback
 .text.HAL_HCD_PortEnabled_Callback
                0x0800eefc       0x1c ./USB_HOST/Target/usbh_conf.o
                0x0800eefc                HAL_HCD_PortEnabled_Callback
 .text.HAL_HCD_PortDisabled_Callback
                0x0800ef18       0x1c ./USB_HOST/Target/usbh_conf.o
                0x0800ef18                HAL_HCD_PortDisabled_Callback
 .text.USBH_LL_Init
                0x0800ef34       0x78 ./USB_HOST/Target/usbh_conf.o
                0x0800ef34                USBH_LL_Init
 .text.USBH_LL_Start
                0x0800efac       0x36 ./USB_HOST/Target/usbh_conf.o
                0x0800efac                USBH_LL_Start
 .text.USBH_LL_Stop
                0x0800efe2       0x36 ./USB_HOST/Target/usbh_conf.o
                0x0800efe2                USBH_LL_Stop
 .text.USBH_LL_GetSpeed
                0x0800f018       0x4e ./USB_HOST/Target/usbh_conf.o
                0x0800f018                USBH_LL_GetSpeed
 .text.USBH_LL_ResetPort
                0x0800f066       0x36 ./USB_HOST/Target/usbh_conf.o
                0x0800f066                USBH_LL_ResetPort
 .text.USBH_LL_GetLastXferSize
                0x0800f09c       0x26 ./USB_HOST/Target/usbh_conf.o
                0x0800f09c                USBH_LL_GetLastXferSize
 .text.USBH_LL_OpenPipe
                0x0800f0c2       0x5e ./USB_HOST/Target/usbh_conf.o
                0x0800f0c2                USBH_LL_OpenPipe
 .text.USBH_LL_ClosePipe
                0x0800f120       0x1a ./USB_HOST/Target/usbh_conf.o
                0x0800f120                USBH_LL_ClosePipe
 .text.USBH_LL_SubmitURB
                0x0800f13a       0x62 ./USB_HOST/Target/usbh_conf.o
                0x0800f13a                USBH_LL_SubmitURB
 .text.USBH_LL_GetURBState
                0x0800f19c       0x26 ./USB_HOST/Target/usbh_conf.o
                0x0800f19c                USBH_LL_GetURBState
 .text.USBH_LL_DriverVBUS
                0x0800f1c2       0x1c ./USB_HOST/Target/usbh_conf.o
                0x0800f1c2                USBH_LL_DriverVBUS
 .text.USBH_LL_SetToggle
                0x0800f1de       0x66 ./USB_HOST/Target/usbh_conf.o
                0x0800f1de                USBH_LL_SetToggle
 .text.USBH_Delay
                0x0800f244       0x16 ./USB_HOST/Target/usbh_conf.o
                0x0800f244                USBH_Delay
 *fill*         0x0800f25a        0x2 
 .text.USBH_Get_USB_Status
                0x0800f25c       0x58 ./USB_HOST/Target/usbh_conf.o
                0x0800f25c                USBH_Get_USB_Status
 .text.atoi     0x0800f2b4        0x8 C:/ST/STM32CubeIDE_1.19.0/STM32CubeIDE/plugins/com.st.stm32cube.ide.mcu.externaltools.gnu-tools-for-stm32.13.3.rel1.win32_1.0.0.202411081344/tools/bin/../lib/gcc/arm-none-eabi/13.3.1/../../../../arm-none-eabi/lib/thumb/v7e-m+fp/hard\libc_nano.a(libc_a-atoi.o)
                0x0800f2b4                atoi
 .text.malloc   0x0800f2bc       0x10 C:/ST/STM32CubeIDE_1.19.0/STM32CubeIDE/plugins/com.st.stm32cube.ide.mcu.externaltools.gnu-tools-for-stm32.13.3.rel1.win32_1.0.0.202411081344/tools/bin/../lib/gcc/arm-none-eabi/13.3.1/../../../../arm-none-eabi/lib/thumb/v7e-m+fp/hard\libc_nano.a(libc_a-malloc.o)
                0x0800f2bc                malloc
 .text.free     0x0800f2cc       0x10 C:/ST/STM32CubeIDE_1.19.0/STM32CubeIDE/plugins/com.st.stm32cube.ide.mcu.externaltools.gnu-tools-for-stm32.13.3.rel1.win32_1.0.0.202411081344/tools/bin/../lib/gcc/arm-none-eabi/13.3.1/../../../../arm-none-eabi/lib/thumb/v7e-m+fp/hard\libc_nano.a(libc_a-malloc.o)
                0x0800f2cc                free
 .text.sbrk_aligned
                0x0800f2dc       0x44 C:/ST/STM32CubeIDE_1.19.0/STM32CubeIDE/plugins/com.st.stm32cube.ide.mcu.externaltools.gnu-tools-for-stm32.13.3.rel1.win32_1.0.0.202411081344/tools/bin/../lib/gcc/arm-none-eabi/13.3.1/../../../../arm-none-eabi/lib/thumb/v7e-m+fp/hard\libc_nano.a(libc_a-mallocr.o)
 .text._malloc_r
                0x0800f320      0x100 C:/ST/STM32CubeIDE_1.19.0/STM32CubeIDE/plugins/com.st.stm32cube.ide.mcu.externaltools.gnu-tools-for-stm32.13.3.rel1.win32_1.0.0.202411081344/tools/bin/../lib/gcc/arm-none-eabi/13.3.1/../../../../arm-none-eabi/lib/thumb/v7e-m+fp/hard\libc_nano.a(libc_a-mallocr.o)
                0x0800f320                _malloc_r
 .text.__malloc_lock
                0x0800f420        0xc C:/ST/STM32CubeIDE_1.19.0/STM32CubeIDE/plugins/com.st.stm32cube.ide.mcu.externaltools.gnu-tools-for-stm32.13.3.rel1.win32_1.0.0.202411081344/tools/bin/../lib/gcc/arm-none-eabi/13.3.1/../../../../arm-none-eabi/lib/thumb/v7e-m+fp/hard\libc_nano.a(libc_a-mlock.o)
                0x0800f420                __malloc_lock
 .text.__malloc_unlock
                0x0800f42c        0xc C:/ST/STM32CubeIDE_1.19.0/STM32CubeIDE/plugins/com.st.stm32cube.ide.mcu.externaltools.gnu-tools-for-stm32.13.3.rel1.win32_1.0.0.202411081344/tools/bin/../lib/gcc/arm-none-eabi/13.3.1/../../../../arm-none-eabi/lib/thumb/v7e-m+fp/hard\libc_nano.a(libc_a-mlock.o)
                0x0800f42c                __malloc_unlock
 .text._strtol_l.isra.0
                0x0800f438       0xf4 C:/ST/STM32CubeIDE_1.19.0/STM32CubeIDE/plugins/com.st.stm32cube.ide.mcu.externaltools.gnu-tools-for-stm32.13.3.rel1.win32_1.0.0.202411081344/tools/bin/../lib/gcc/arm-none-eabi/13.3.1/../../../../arm-none-eabi/lib/thumb/v7e-m+fp/hard\libc_nano.a(libc_a-strtol.o)
 .text._strtol_r
                0x0800f52c        0x4 C:/ST/STM32CubeIDE_1.19.0/STM32CubeIDE/plugins/com.st.stm32cube.ide.mcu.externaltools.gnu-tools-for-stm32.13.3.rel1.win32_1.0.0.202411081344/tools/bin/../lib/gcc/arm-none-eabi/13.3.1/../../../../arm-none-eabi/lib/thumb/v7e-m+fp/hard\libc_nano.a(libc_a-strtol.o)
                0x0800f52c                _strtol_r
 .text.strtol   0x0800f530       0x14 C:/ST/STM32CubeIDE_1.19.0/STM32CubeIDE/plugins/com.st.stm32cube.ide.mcu.externaltools.gnu-tools-for-stm32.13.3.rel1.win32_1.0.0.202411081344/tools/bin/../lib/gcc/arm-none-eabi/13.3.1/../../../../arm-none-eabi/lib/thumb/v7e-m+fp/hard\libc_nano.a(libc_a-strtol.o)
                0x0800f530                strtol
 .text._strtoul_l.isra.0
                0x0800f544       0xdc C:/ST/STM32CubeIDE_1.19.0/STM32CubeIDE/plugins/com.st.stm32cube.ide.mcu.externaltools.gnu-tools-for-stm32.13.3.rel1.win32_1.0.0.202411081344/tools/bin/../lib/gcc/arm-none-eabi/13.3.1/../../../../arm-none-eabi/lib/thumb/v7e-m+fp/hard\libc_nano.a(libc_a-strtoul.o)
 .text._strtoul_r
                0x0800f620        0x4 C:/ST/STM32CubeIDE_1.19.0/STM32CubeIDE/plugins/com.st.stm32cube.ide.mcu.externaltools.gnu-tools-for-stm32.13.3.rel1.win32_1.0.0.202411081344/tools/bin/../lib/gcc/arm-none-eabi/13.3.1/../../../../arm-none-eabi/lib/thumb/v7e-m+fp/hard\libc_nano.a(libc_a-strtoul.o)
                0x0800f620                _strtoul_r
 .text.strtoul  0x0800f624       0x14 C:/ST/STM32CubeIDE_1.19.0/STM32CubeIDE/plugins/com.st.stm32cube.ide.mcu.externaltools.gnu-tools-for-stm32.13.3.rel1.win32_1.0.0.202411081344/tools/bin/../lib/gcc/arm-none-eabi/13.3.1/../../../../arm-none-eabi/lib/thumb/v7e-m+fp/hard\libc_nano.a(libc_a-strtoul.o)
                0x0800f624                strtoul
 .text.snprintf
                0x0800f638       0x6c C:/ST/STM32CubeIDE_1.19.0/STM32CubeIDE/plugins/com.st.stm32cube.ide.mcu.externaltools.gnu-tools-for-stm32.13.3.rel1.win32_1.0.0.202411081344/tools/bin/../lib/gcc/arm-none-eabi/13.3.1/../../../../arm-none-eabi/lib/thumb/v7e-m+fp/hard\libc_nano.a(libc_a-snprintf.o)
                0x0800f638                sniprintf
                0x0800f638                snprintf
 .text.sprintf  0x0800f6a4       0x44 C:/ST/STM32CubeIDE_1.19.0/STM32CubeIDE/plugins/com.st.stm32cube.ide.mcu.externaltools.gnu-tools-for-stm32.13.3.rel1.win32_1.0.0.202411081344/tools/bin/../lib/gcc/arm-none-eabi/13.3.1/../../../../arm-none-eabi/lib/thumb/v7e-m+fp/hard\libc_nano.a(libc_a-sprintf.o)
                0x0800f6a4                siprintf
                0x0800f6a4                sprintf
 .text.sscanf   0x0800f6e8       0x58 C:/ST/STM32CubeIDE_1.19.0/STM32CubeIDE/plugins/com.st.stm32cube.ide.mcu.externaltools.gnu-tools-for-stm32.13.3.rel1.win32_1.0.0.202411081344/tools/bin/../lib/gcc/arm-none-eabi/13.3.1/../../../../arm-none-eabi/lib/thumb/v7e-m+fp/hard\libc_nano.a(libc_a-sscanf.o)
                0x0800f6e8                siscanf
                0x0800f6e8                sscanf
 .text.__seofread
                0x0800f740        0x4 C:/ST/STM32CubeIDE_1.19.0/STM32CubeIDE/plugins/com.st.stm32cube.ide.mcu.externaltools.gnu-tools-for-stm32.13.3.rel1.win32_1.0.0.202411081344/tools/bin/../lib/gcc/arm-none-eabi/13.3.1/../../../../arm-none-eabi/lib/thumb/v7e-m+fp/hard\libc_nano.a(libc_a-stdio.o)
                0x0800f740                __seofread
 .text.memcmp   0x0800f744       0x20 C:/ST/STM32CubeIDE_1.19.0/STM32CubeIDE/plugins/com.st.stm32cube.ide.mcu.externaltools.gnu-tools-for-stm32.13.3.rel1.win32_1.0.0.202411081344/tools/bin/../lib/gcc/arm-none-eabi/13.3.1/../../../../arm-none-eabi/lib/thumb/v7e-m+fp/hard\libc_nano.a(libc_a-memcmp.o)
                0x0800f744                memcmp
 .text.memset   0x0800f764       0x10 C:/ST/STM32CubeIDE_1.19.0/STM32CubeIDE/plugins/com.st.stm32cube.ide.mcu.externaltools.gnu-tools-for-stm32.13.3.rel1.win32_1.0.0.202411081344/tools/bin/../lib/gcc/arm-none-eabi/13.3.1/../../../../arm-none-eabi/lib/thumb/v7e-m+fp/hard\libc_nano.a(libc_a-memset.o)
                0x0800f764                memset
 .text.strchr   0x0800f774       0x1a C:/ST/STM32CubeIDE_1.19.0/STM32CubeIDE/plugins/com.st.stm32cube.ide.mcu.externaltools.gnu-tools-for-stm32.13.3.rel1.win32_1.0.0.202411081344/tools/bin/../lib/gcc/arm-none-eabi/13.3.1/../../../../arm-none-eabi/lib/thumb/v7e-m+fp/hard\libc_nano.a(libc_a-strchr.o)
                0x0800f774                strchr
 .text.strcspn  0x0800f78e       0x22 C:/ST/STM32CubeIDE_1.19.0/STM32CubeIDE/plugins/com.st.stm32cube.ide.mcu.externaltools.gnu-tools-for-stm32.13.3.rel1.win32_1.0.0.202411081344/tools/bin/../lib/gcc/arm-none-eabi/13.3.1/../../../../arm-none-eabi/lib/thumb/v7e-m+fp/hard\libc_nano.a(libc_a-strcspn.o)
                0x0800f78e                strcspn
 .text.strncmp  0x0800f7b0       0x24 C:/ST/STM32CubeIDE_1.19.0/STM32CubeIDE/plugins/com.st.stm32cube.ide.mcu.externaltools.gnu-tools-for-stm32.13.3.rel1.win32_1.0.0.202411081344/tools/bin/../lib/gcc/arm-none-eabi/13.3.1/../../../../arm-none-eabi/lib/thumb/v7e-m+fp/hard\libc_nano.a(libc_a-strncmp.o)
                0x0800f7b0                strncmp
 .text.strncpy  0x0800f7d4       0x26 C:/ST/STM32CubeIDE_1.19.0/STM32CubeIDE/plugins/com.st.stm32cube.ide.mcu.externaltools.gnu-tools-for-stm32.13.3.rel1.win32_1.0.0.202411081344/tools/bin/../lib/gcc/arm-none-eabi/13.3.1/../../../../arm-none-eabi/lib/thumb/v7e-m+fp/hard\libc_nano.a(libc_a-strncpy.o)
                0x0800f7d4                strncpy
 .text.strstr   0x0800f7fa       0x2c C:/ST/STM32CubeIDE_1.19.0/STM32CubeIDE/plugins/com.st.stm32cube.ide.mcu.externaltools.gnu-tools-for-stm32.13.3.rel1.win32_1.0.0.202411081344/tools/bin/../lib/gcc/arm-none-eabi/13.3.1/../../../../arm-none-eabi/lib/thumb/v7e-m+fp/hard\libc_nano.a(libc_a-strstr.o)
                0x0800f7fa                strstr
 *fill*         0x0800f826        0x2 
 .text._sbrk_r  0x0800f828       0x20 C:/ST/STM32CubeIDE_1.19.0/STM32CubeIDE/plugins/com.st.stm32cube.ide.mcu.externaltools.gnu-tools-for-stm32.13.3.rel1.win32_1.0.0.202411081344/tools/bin/../lib/gcc/arm-none-eabi/13.3.1/../../../../arm-none-eabi/lib/thumb/v7e-m+fp/hard\libc_nano.a(libc_a-sbrkr.o)
                0x0800f828                _sbrk_r
 .text.__errno  0x0800f848        0xc C:/ST/STM32CubeIDE_1.19.0/STM32CubeIDE/plugins/com.st.stm32cube.ide.mcu.externaltools.gnu-tools-for-stm32.13.3.rel1.win32_1.0.0.202411081344/tools/bin/../lib/gcc/arm-none-eabi/13.3.1/../../../../arm-none-eabi/lib/thumb/v7e-m+fp/hard\libc_nano.a(libc_a-errno.o)
                0x0800f848                __errno
 .text.__libc_init_array
                0x0800f854       0x48 C:/ST/STM32CubeIDE_1.19.0/STM32CubeIDE/plugins/com.st.stm32cube.ide.mcu.externaltools.gnu-tools-for-stm32.13.3.rel1.win32_1.0.0.202411081344/tools/bin/../lib/gcc/arm-none-eabi/13.3.1/../../../../arm-none-eabi/lib/thumb/v7e-m+fp/hard\libc_nano.a(libc_a-init.o)
                0x0800f854                __libc_init_array
 .text.__retarget_lock_acquire_recursive
                0x0800f89c        0x2 C:/ST/STM32CubeIDE_1.19.0/STM32CubeIDE/plugins/com.st.stm32cube.ide.mcu.externaltools.gnu-tools-for-stm32.13.3.rel1.win32_1.0.0.202411081344/tools/bin/../lib/gcc/arm-none-eabi/13.3.1/../../../../arm-none-eabi/lib/thumb/v7e-m+fp/hard\libc_nano.a(libc_a-lock.o)
                0x0800f89c                __retarget_lock_acquire_recursive
 .text.__retarget_lock_release_recursive
                0x0800f89e        0x2 C:/ST/STM32CubeIDE_1.19.0/STM32CubeIDE/plugins/com.st.stm32cube.ide.mcu.externaltools.gnu-tools-for-stm32.13.3.rel1.win32_1.0.0.202411081344/tools/bin/../lib/gcc/arm-none-eabi/13.3.1/../../../../arm-none-eabi/lib/thumb/v7e-m+fp/hard\libc_nano.a(libc_a-lock.o)
                0x0800f89e                __retarget_lock_release_recursive
 .text.strcpy   0x0800f8a0       0x10 C:/ST/STM32CubeIDE_1.19.0/STM32CubeIDE/plugins/com.st.stm32cube.ide.mcu.externaltools.gnu-tools-for-stm32.13.3.rel1.win32_1.0.0.202411081344/tools/bin/../lib/gcc/arm-none-eabi/13.3.1/../../../../arm-none-eabi/lib/thumb/v7e-m+fp/hard\libc_nano.a(libc_a-strcpy.o)
                0x0800f8a0                strcpy
 .text.memcpy   0x0800f8b0       0x1c C:/ST/STM32CubeIDE_1.19.0/STM32CubeIDE/plugins/com.st.stm32cube.ide.mcu.externaltools.gnu-tools-for-stm32.13.3.rel1.win32_1.0.0.202411081344/tools/bin/../lib/gcc/arm-none-eabi/13.3.1/../../../../arm-none-eabi/lib/thumb/v7e-m+fp/hard\libc_nano.a(libc_a-memcpy-stub.o)
                0x0800f8b0                memcpy
 .text._free_r  0x0800f8cc       0x94 C:/ST/STM32CubeIDE_1.19.0/STM32CubeIDE/plugins/com.st.stm32cube.ide.mcu.externaltools.gnu-tools-for-stm32.13.3.rel1.win32_1.0.0.202411081344/tools/bin/../lib/gcc/arm-none-eabi/13.3.1/../../../../arm-none-eabi/lib/thumb/v7e-m+fp/hard\libc_nano.a(libc_a-freer.o)
                0x0800f8cc                _free_r
 .text.__ssputs_r
                0x0800f960       0xb6 C:/ST/STM32CubeIDE_1.19.0/STM32CubeIDE/plugins/com.st.stm32cube.ide.mcu.externaltools.gnu-tools-for-stm32.13.3.rel1.win32_1.0.0.202411081344/tools/bin/../lib/gcc/arm-none-eabi/13.3.1/../../../../arm-none-eabi/lib/thumb/v7e-m+fp/hard\libc_nano.a(libc_a-nano-svfprintf.o)
                0x0800f960                __ssputs_r
 *fill*         0x0800fa16        0x2 
 .text._svfprintf_r
                0x0800fa18      0x1f8 C:/ST/STM32CubeIDE_1.19.0/STM32CubeIDE/plugins/com.st.stm32cube.ide.mcu.externaltools.gnu-tools-for-stm32.13.3.rel1.win32_1.0.0.202411081344/tools/bin/../lib/gcc/arm-none-eabi/13.3.1/../../../../arm-none-eabi/lib/thumb/v7e-m+fp/hard\libc_nano.a(libc_a-nano-svfprintf.o)
                0x0800fa18                _svfiprintf_r
                0x0800fa18                _svfprintf_r
 .text._sungetc_r
                0x0800fc10       0x7a C:/ST/STM32CubeIDE_1.19.0/STM32CubeIDE/plugins/com.st.stm32cube.ide.mcu.externaltools.gnu-tools-for-stm32.13.3.rel1.win32_1.0.0.202411081344/tools/bin/../lib/gcc/arm-none-eabi/13.3.1/../../../../arm-none-eabi/lib/thumb/v7e-m+fp/hard\libc_nano.a(libc_a-nano-svfscanf.o)
                0x0800fc10                _sungetc_r
 .text.__ssrefill_r
                0x0800fc8a       0x3a C:/ST/STM32CubeIDE_1.19.0/STM32CubeIDE/plugins/com.st.stm32cube.ide.mcu.externaltools.gnu-tools-for-stm32.13.3.rel1.win32_1.0.0.202411081344/tools/bin/../lib/gcc/arm-none-eabi/13.3.1/../../../../arm-none-eabi/lib/thumb/v7e-m+fp/hard\libc_nano.a(libc_a-nano-svfscanf.o)
                0x0800fc8a                __ssrefill_r
 .text.__ssvfscanf_r
                0x0800fcc4      0x2ec C:/ST/STM32CubeIDE_1.19.0/STM32CubeIDE/plugins/com.st.stm32cube.ide.mcu.externaltools.gnu-tools-for-stm32.13.3.rel1.win32_1.0.0.202411081344/tools/bin/../lib/gcc/arm-none-eabi/13.3.1/../../../../arm-none-eabi/lib/thumb/v7e-m+fp/hard\libc_nano.a(libc_a-nano-svfscanf.o)
                0x0800fcc4                __ssvfiscanf_r
                0x0800fcc4                __ssvfscanf_r
 .text._printf_common
                0x0800ffb0       0xda C:/ST/STM32CubeIDE_1.19.0/STM32CubeIDE/plugins/com.st.stm32cube.ide.mcu.externaltools.gnu-tools-for-stm32.13.3.rel1.win32_1.0.0.202411081344/tools/bin/../lib/gcc/arm-none-eabi/13.3.1/../../../../arm-none-eabi/lib/thumb/v7e-m+fp/hard\libc_nano.a(libc_a-nano-vfprintf_i.o)
                0x0800ffb0                _printf_common
 *fill*         0x0801008a        0x2 
 .text._printf_i
                0x0801008c      0x23c C:/ST/STM32CubeIDE_1.19.0/STM32CubeIDE/plugins/com.st.stm32cube.ide.mcu.externaltools.gnu-tools-for-stm32.13.3.rel1.win32_1.0.0.202411081344/tools/bin/../lib/gcc/arm-none-eabi/13.3.1/../../../../arm-none-eabi/lib/thumb/v7e-m+fp/hard\libc_nano.a(libc_a-nano-vfprintf_i.o)
                0x0801008c                _printf_i
 .text._scanf_chars
                0x080102c8       0xb4 C:/ST/STM32CubeIDE_1.19.0/STM32CubeIDE/plugins/com.st.stm32cube.ide.mcu.externaltools.gnu-tools-for-stm32.13.3.rel1.win32_1.0.0.202411081344/tools/bin/../lib/gcc/arm-none-eabi/13.3.1/../../../../arm-none-eabi/lib/thumb/v7e-m+fp/hard\libc_nano.a(libc_a-nano-vfscanf_i.o)
                0x080102c8                _scanf_chars
 .text._scanf_i
                0x0801037c      0x1e8 C:/ST/STM32CubeIDE_1.19.0/STM32CubeIDE/plugins/com.st.stm32cube.ide.mcu.externaltools.gnu-tools-for-stm32.13.3.rel1.win32_1.0.0.202411081344/tools/bin/../lib/gcc/arm-none-eabi/13.3.1/../../../../arm-none-eabi/lib/thumb/v7e-m+fp/hard\libc_nano.a(libc_a-nano-vfscanf_i.o)
                0x0801037c                _scanf_i
 .text.__sccl   0x08010564       0x72 C:/ST/STM32CubeIDE_1.19.0/STM32CubeIDE/plugins/com.st.stm32cube.ide.mcu.externaltools.gnu-tools-for-stm32.13.3.rel1.win32_1.0.0.202411081344/tools/bin/../lib/gcc/arm-none-eabi/13.3.1/../../../../arm-none-eabi/lib/thumb/v7e-m+fp/hard\libc_nano.a(libc_a-sccl.o)
                0x08010564                __sccl
 .text.__submore
                0x080105d6       0x74 C:/ST/STM32CubeIDE_1.19.0/STM32CubeIDE/plugins/com.st.stm32cube.ide.mcu.externaltools.gnu-tools-for-stm32.13.3.rel1.win32_1.0.0.202411081344/tools/bin/../lib/gcc/arm-none-eabi/13.3.1/../../../../arm-none-eabi/lib/thumb/v7e-m+fp/hard\libc_nano.a(libc_a-ungetc.o)
                0x080105d6                __submore
 .text.memmove  0x0801064a       0x34 C:/ST/STM32CubeIDE_1.19.0/STM32CubeIDE/plugins/com.st.stm32cube.ide.mcu.externaltools.gnu-tools-for-stm32.13.3.rel1.win32_1.0.0.202411081344/tools/bin/../lib/gcc/arm-none-eabi/13.3.1/../../../../arm-none-eabi/lib/thumb/v7e-m+fp/hard\libc_nano.a(libc_a-memmove.o)
                0x0801064a                memmove
 .text._realloc_r
                0x0801067e       0x5c C:/ST/STM32CubeIDE_1.19.0/STM32CubeIDE/plugins/com.st.stm32cube.ide.mcu.externaltools.gnu-tools-for-stm32.13.3.rel1.win32_1.0.0.202411081344/tools/bin/../lib/gcc/arm-none-eabi/13.3.1/../../../../arm-none-eabi/lib/thumb/v7e-m+fp/hard\libc_nano.a(libc_a-reallocr.o)
                0x0801067e                _realloc_r
 .text._malloc_usable_size_r
                0x080106da       0x10 C:/ST/STM32CubeIDE_1.19.0/STM32CubeIDE/plugins/com.st.stm32cube.ide.mcu.externaltools.gnu-tools-for-stm32.13.3.rel1.win32_1.0.0.202411081344/tools/bin/../lib/gcc/arm-none-eabi/13.3.1/../../../../arm-none-eabi/lib/thumb/v7e-m+fp/hard\libc_nano.a(libc_a-msizer.o)
                0x080106da                _malloc_usable_size_r
 *(.glue_7)
 .glue_7        0x080106ea        0x0 linker stubs
 *(.glue_7t)
 .glue_7t       0x080106ea        0x0 linker stubs
 *(.eh_frame)
 *fill*         0x080106ea        0x2 
 .eh_frame      0x080106ec        0x0 C:/ST/STM32CubeIDE_1.19.0/STM32CubeIDE/plugins/com.st.stm32cube.ide.mcu.externaltools.gnu-tools-for-stm32.13.3.rel1.win32_1.0.0.202411081344/tools/bin/../lib/gcc/arm-none-eabi/13.3.1/thumb/v7e-m+fp/hard/crtbegin.o
 *(.init)
 .init          0x080106ec        0x4 C:/ST/STM32CubeIDE_1.19.0/STM32CubeIDE/plugins/com.st.stm32cube.ide.mcu.externaltools.gnu-tools-for-stm32.13.3.rel1.win32_1.0.0.202411081344/tools/bin/../lib/gcc/arm-none-eabi/13.3.1/thumb/v7e-m+fp/hard/crti.o
                0x080106ec                _init
 .init          0x080106f0        0x8 C:/ST/STM32CubeIDE_1.19.0/STM32CubeIDE/plugins/com.st.stm32cube.ide.mcu.externaltools.gnu-tools-for-stm32.13.3.rel1.win32_1.0.0.202411081344/tools/bin/../lib/gcc/arm-none-eabi/13.3.1/thumb/v7e-m+fp/hard/crtn.o
 *(.fini)
 .fini          0x080106f8        0x4 C:/ST/STM32CubeIDE_1.19.0/STM32CubeIDE/plugins/com.st.stm32cube.ide.mcu.externaltools.gnu-tools-for-stm32.13.3.rel1.win32_1.0.0.202411081344/tools/bin/../lib/gcc/arm-none-eabi/13.3.1/thumb/v7e-m+fp/hard/crti.o
                0x080106f8                _fini
 .fini          0x080106fc        0x8 C:/ST/STM32CubeIDE_1.19.0/STM32CubeIDE/plugins/com.st.stm32cube.ide.mcu.externaltools.gnu-tools-for-stm32.13.3.rel1.win32_1.0.0.202411081344/tools/bin/../lib/gcc/arm-none-eabi/13.3.1/thumb/v7e-m+fp/hard/crtn.o
                0x08010704                        . = ALIGN (0x4)
                0x08010704                        _etext = .

.vfp11_veneer   0x08010704        0x0
 .vfp11_veneer  0x08010704        0x0 linker stubs

.v4_bx          0x08010704        0x0
 .v4_bx         0x08010704        0x0 linker stubs

.iplt           0x08010704        0x0
 .iplt          0x08010704        0x0 C:/ST/STM32CubeIDE_1.19.0/STM32CubeIDE/plugins/com.st.stm32cube.ide.mcu.externaltools.gnu-tools-for-stm32.13.3.rel1.win32_1.0.0.202411081344/tools/bin/../lib/gcc/arm-none-eabi/13.3.1/thumb/v7e-m+fp/hard/crtbegin.o

.rodata         0x08010704     0x1168
                0x08010704                        . = ALIGN (0x4)
 *(.rodata)
 .rodata        0x08010704      0xe98 ./Core/Src/main.o
 .rodata        0x0801159c        0x4 ./Middlewares/ST/STM32_USB_Host_Library/Class/CDC/Src/usbh_cdc.o
 .rodata        0x080115a0       0x3b ./USB_HOST/App/usb_host.o
 *fill*         0x080115db        0x1 
 .rodata        0x080115dc        0xc C:/ST/STM32CubeIDE_1.19.0/STM32CubeIDE/plugins/com.st.stm32cube.ide.mcu.externaltools.gnu-tools-for-stm32.13.3.rel1.win32_1.0.0.202411081344/tools/bin/../lib/gcc/arm-none-eabi/13.3.1/../../../../arm-none-eabi/lib/thumb/v7e-m+fp/hard\libc_nano.a(libc_a-nano-vfscanf_i.o)
 *(.rodata*)
 .rodata.alarm_messages
                0x080115e8       0xd2 ./Core/Src/main.o
                0x080115e8                alarm_messages
 *fill*         0x080116ba        0x2 
 .rodata.cmdTable
                0x080116bc       0x48 ./Core/Src/main.o
 .rodata.AHBPrescTable
                0x08011704       0x10 ./Core/Src/system_stm32f4xx.o
                0x08011704                AHBPrescTable
 .rodata.APBPrescTable
                0x08011714        0x8 ./Core/Src/system_stm32f4xx.o
                0x08011714                APBPrescTable
 .rodata._ctype_
                0x0801171c      0x101 C:/ST/STM32CubeIDE_1.19.0/STM32CubeIDE/plugins/com.st.stm32cube.ide.mcu.externaltools.gnu-tools-for-stm32.13.3.rel1.win32_1.0.0.202411081344/tools/bin/../lib/gcc/arm-none-eabi/13.3.1/../../../../arm-none-eabi/lib/thumb/v7e-m+fp/hard\libc_nano.a(libc_a-ctype_.o)
                0x0801171c                _ctype_
 .rodata._svfprintf_r.str1.1
                0x0801181d       0x4e C:/ST/STM32CubeIDE_1.19.0/STM32CubeIDE/plugins/com.st.stm32cube.ide.mcu.externaltools.gnu-tools-for-stm32.13.3.rel1.win32_1.0.0.202411081344/tools/bin/../lib/gcc/arm-none-eabi/13.3.1/../../../../arm-none-eabi/lib/thumb/v7e-m+fp/hard\libc_nano.a(libc_a-nano-svfprintf.o)
                                 0x11 (size before relaxing)
 .rodata.__ssvfscanf_r.str1.1
                0x0801186b        0x4 C:/ST/STM32CubeIDE_1.19.0/STM32CubeIDE/plugins/com.st.stm32cube.ide.mcu.externaltools.gnu-tools-for-stm32.13.3.rel1.win32_1.0.0.202411081344/tools/bin/../lib/gcc/arm-none-eabi/13.3.1/../../../../arm-none-eabi/lib/thumb/v7e-m+fp/hard\libc_nano.a(libc_a-nano-svfscanf.o)
 .rodata._printf_i.str1.1
                0x0801186b       0x22 C:/ST/STM32CubeIDE_1.19.0/STM32CubeIDE/plugins/com.st.stm32cube.ide.mcu.externaltools.gnu-tools-for-stm32.13.3.rel1.win32_1.0.0.202411081344/tools/bin/../lib/gcc/arm-none-eabi/13.3.1/../../../../arm-none-eabi/lib/thumb/v7e-m+fp/hard\libc_nano.a(libc_a-nano-vfprintf_i.o)
 .rodata._scanf_i.str1.1
                0x0801186b       0x12 C:/ST/STM32CubeIDE_1.19.0/STM32CubeIDE/plugins/com.st.stm32cube.ide.mcu.externaltools.gnu-tools-for-stm32.13.3.rel1.win32_1.0.0.202411081344/tools/bin/../lib/gcc/arm-none-eabi/13.3.1/../../../../arm-none-eabi/lib/thumb/v7e-m+fp/hard\libc_nano.a(libc_a-nano-vfscanf_i.o)
 .rodata.str1.1
                0x0801186b        0x9 C:/ST/STM32CubeIDE_1.19.0/STM32CubeIDE/plugins/com.st.stm32cube.ide.mcu.externaltools.gnu-tools-for-stm32.13.3.rel1.win32_1.0.0.202411081344/tools/bin/../lib/gcc/arm-none-eabi/13.3.1/../../../../arm-none-eabi/lib/thumb/v7e-m+fp/hard\libc_nano.a(libc_a-nano-vfscanf_i.o)
                0x08011890                        . = ALIGN (0x4)
 *fill*         0x0801186b        0x1 

.ARM.extab      0x0801186c        0x0
                0x0801186c                        . = ALIGN (0x4)
 *(.ARM.extab* .gnu.linkonce.armextab.*)
                0x0801186c                        . = ALIGN (0x4)

.ARM            0x0801186c        0x8
                0x0801186c                        . = ALIGN (0x4)
                0x0801186c                        __exidx_start = .
 *(.ARM.exidx*)
 .ARM.exidx     0x0801186c        0x8 C:/ST/STM32CubeIDE_1.19.0/STM32CubeIDE/plugins/com.st.stm32cube.ide.mcu.externaltools.gnu-tools-for-stm32.13.3.rel1.win32_1.0.0.202411081344/tools/bin/../lib/gcc/arm-none-eabi/13.3.1/../../../../arm-none-eabi/lib/thumb/v7e-m+fp/hard\libc_nano.a(libc_a-strcmp.o)
 .ARM.exidx     0x08011874        0x0 C:/ST/STM32CubeIDE_1.19.0/STM32CubeIDE/plugins/com.st.stm32cube.ide.mcu.externaltools.gnu-tools-for-stm32.13.3.rel1.win32_1.0.0.202411081344/tools/bin/../lib/gcc/arm-none-eabi/13.3.1/../../../../arm-none-eabi/lib/thumb/v7e-m+fp/hard\libc_nano.a(libc_a-strlen.o)
                                  0x8 (size before relaxing)
 .ARM.exidx     0x08011874        0x0 C:/ST/STM32CubeIDE_1.19.0/STM32CubeIDE/plugins/com.st.stm32cube.ide.mcu.externaltools.gnu-tools-for-stm32.13.3.rel1.win32_1.0.0.202411081344/tools/bin/../lib/gcc/arm-none-eabi/13.3.1/../../../../arm-none-eabi/lib/thumb/v7e-m+fp/hard\libc_nano.a(libc_a-memchr.o)
                                  0x8 (size before relaxing)
 .ARM.exidx     0x08011874        0x0 C:/ST/STM32CubeIDE_1.19.0/STM32CubeIDE/plugins/com.st.stm32cube.ide.mcu.externaltools.gnu-tools-for-stm32.13.3.rel1.win32_1.0.0.202411081344/tools/bin/../lib/gcc/arm-none-eabi/13.3.1/thumb/v7e-m+fp/hard\libgcc.a(_udivmoddi4.o)
                                  0x8 (size before relaxing)
                0x08011874                        __exidx_end = .
                0x08011874                        . = ALIGN (0x4)

.preinit_array  0x08011874        0x0
                0x08011874                        . = ALIGN (0x4)
                0x08011874                        PROVIDE (__preinit_array_start = .)
 *(.preinit_array*)
                0x08011874                        PROVIDE (__preinit_array_end = .)
                0x08011874                        . = ALIGN (0x4)

.init_array     0x08011874        0x4
                0x08011874                        . = ALIGN (0x4)
                0x08011874                        PROVIDE (__init_array_start = .)
 *(SORT_BY_NAME(.init_array.*))
 *(.init_array*)
 .init_array    0x08011874        0x4 C:/ST/STM32CubeIDE_1.19.0/STM32CubeIDE/plugins/com.st.stm32cube.ide.mcu.externaltools.gnu-tools-for-stm32.13.3.rel1.win32_1.0.0.202411081344/tools/bin/../lib/gcc/arm-none-eabi/13.3.1/thumb/v7e-m+fp/hard/crtbegin.o
                0x08011878                        PROVIDE (__init_array_end = .)
                0x08011878                        . = ALIGN (0x4)

.fini_array     0x08011878        0x4
                0x08011878                        . = ALIGN (0x4)
                [!provide]                        PROVIDE (__fini_array_start = .)
 *(SORT_BY_NAME(.fini_array.*))
 *(.fini_array*)
 .fini_array    0x08011878        0x4 C:/ST/STM32CubeIDE_1.19.0/STM32CubeIDE/plugins/com.st.stm32cube.ide.mcu.externaltools.gnu-tools-for-stm32.13.3.rel1.win32_1.0.0.202411081344/tools/bin/../lib/gcc/arm-none-eabi/13.3.1/thumb/v7e-m+fp/hard/crtbegin.o
                [!provide]                        PROVIDE (__fini_array_end = .)
                0x0801187c                        . = ALIGN (0x4)
                0x0801187c                        _sidata = LOADADDR (.data)

.rel.dyn        0x0801187c        0x0
 .rel.iplt      0x0801187c        0x0 C:/ST/STM32CubeIDE_1.19.0/STM32CubeIDE/plugins/com.st.stm32cube.ide.mcu.externaltools.gnu-tools-for-stm32.13.3.rel1.win32_1.0.0.202411081344/tools/bin/../lib/gcc/arm-none-eabi/13.3.1/thumb/v7e-m+fp/hard/crtbegin.o

.data           0x20000000       0xd0 load address 0x0801187c
                0x20000000                        . = ALIGN (0x4)
                0x20000000                        _sdata = .
 *(.data)
 *(.data*)
 .data.prevState
                0x20000000        0x1 ./Core/Src/main.o
 *fill*         0x20000001        0x3 
 .data.sms_index
                0x20000004        0x4 ./Core/Src/main.o
 .data.last_rssi_raw
                0x20000008        0x1 ./Core/Src/main.o
                0x20000008                last_rssi_raw
 *fill*         0x20000009        0x1 
 .data.last_rssi_dbm
                0x2000000a        0x2 ./Core/Src/main.o
                0x2000000a                last_rssi_dbm
 .data.last_cfun_value
                0x2000000c        0x1 ./Core/Src/main.o
                0x2000000c                last_cfun_value
 *fill*         0x2000000d        0x3 
 .data.local_ip
                0x20000010       0x10 ./Core/Src/main.o
                0x20000010                local_ip
 .data.leds     0x20000020       0x14 ./Core/Src/main.o
                0x20000020                leds
 .data.SystemCoreClock
                0x20000034        0x4 ./Core/Src/system_stm32f4xx.o
                0x20000034                SystemCoreClock
 .data.uwTickPrio
                0x20000038        0x4 ./Drivers/STM32F4xx_HAL_Driver/Src/stm32f4xx_hal.o
                0x20000038                uwTickPrio
 .data.uwTickFreq
                0x2000003c        0x1 ./Drivers/STM32F4xx_HAL_Driver/Src/stm32f4xx_hal.o
                0x2000003c                uwTickFreq
 *fill*         0x2000003d        0x3 
 .data.pFlash   0x20000040       0x20 ./Drivers/STM32F4xx_HAL_Driver/Src/stm32f4xx_hal_flash.o
                0x20000040                pFlash
 .data.CDC_Class
                0x20000060       0x20 ./Middlewares/ST/STM32_USB_Host_Library/Class/CDC/Src/usbh_cdc.o
                0x20000060                CDC_Class
 .data._impure_ptr
                0x20000080        0x4 C:/ST/STM32CubeIDE_1.19.0/STM32CubeIDE/plugins/com.st.stm32cube.ide.mcu.externaltools.gnu-tools-for-stm32.13.3.rel1.win32_1.0.0.202411081344/tools/bin/../lib/gcc/arm-none-eabi/13.3.1/../../../../arm-none-eabi/lib/thumb/v7e-m+fp/hard\libc_nano.a(libc_a-impure.o)
                0x20000080                _impure_ptr
 .data._impure_data
                0x20000084       0x4c C:/ST/STM32CubeIDE_1.19.0/STM32CubeIDE/plugins/com.st.stm32cube.ide.mcu.externaltools.gnu-tools-for-stm32.13.3.rel1.win32_1.0.0.202411081344/tools/bin/../lib/gcc/arm-none-eabi/13.3.1/../../../../arm-none-eabi/lib/thumb/v7e-m+fp/hard\libc_nano.a(libc_a-impure.o)
                0x20000084                _impure_data
 *(.RamFunc)
 *(.RamFunc*)
                0x200000d0                        . = ALIGN (0x4)
                0x200000d0                        _edata = .

.igot.plt       0x200000d0        0x0 load address 0x0801194c
 .igot.plt      0x200000d0        0x0 C:/ST/STM32CubeIDE_1.19.0/STM32CubeIDE/plugins/com.st.stm32cube.ide.mcu.externaltools.gnu-tools-for-stm32.13.3.rel1.win32_1.0.0.202411081344/tools/bin/../lib/gcc/arm-none-eabi/13.3.1/thumb/v7e-m+fp/hard/crtbegin.o
                0x200000d0                        . = ALIGN (0x4)

.bss            0x200000d0     0x2678 load address 0x0801194c
                0x200000d0                        _sbss = .
                0x200000d0                        __bss_start__ = _sbss
 *(.bss)
 .bss           0x200000d0       0x1c C:/ST/STM32CubeIDE_1.19.0/STM32CubeIDE/plugins/com.st.stm32cube.ide.mcu.externaltools.gnu-tools-for-stm32.13.3.rel1.win32_1.0.0.202411081344/tools/bin/../lib/gcc/arm-none-eabi/13.3.1/thumb/v7e-m+fp/hard/crtbegin.o
 *(.bss*)
 .bss.lte_diag  0x200000ec       0x20 ./Core/Src/main.o
                0x200000ec                lte_diag
 .bss.hrtc      0x2000010c       0x20 ./Core/Src/main.o
                0x2000010c                hrtc
 .bss.huart1    0x2000012c       0x48 ./Core/Src/main.o
                0x2000012c                huart1
 .bss.hi2c1     0x20000174       0x54 ./Core/Src/main.o
                0x20000174                hi2c1
 .bss.systemMode
                0x200001c8        0x1 ./Core/Src/main.o
                0x200001c8                systemMode
 *fill*         0x200001c9        0x3 
 .bss.bridge_last_activity
                0x200001cc        0x4 ./Core/Src/main.o
                0x200001cc                bridge_last_activity
 .bss.ModemState
                0x200001d0        0x1 ./Core/Src/main.o
                0x200001d0                ModemState
 *fill*         0x200001d1        0x3 
 .bss.state_timer
                0x200001d4        0x4 ./Core/Src/main.o
                0x200001d4                state_timer
 .bss.boot_time
                0x200001d8        0x4 ./Core/Src/main.o
 .bss.at_busy   0x200001dc        0x1 ./Core/Src/main.o
 .bss.cfgModeState
                0x200001dd        0x1 ./Core/Src/main.o
                0x200001dd                cfgModeState
 .bss.eeprom_log_head
                0x200001de        0x2 ./Core/Src/main.o
                0x200001de                eeprom_log_head
 .bss.eeprom_log_count
                0x200001e0        0x2 ./Core/Src/main.o
                0x200001e0                eeprom_log_count
 *fill*         0x200001e2        0x2 
 .bss.rtc_last_sync
                0x200001e4        0x4 ./Core/Src/main.o
                0x200001e4                rtc_last_sync
 .bss.lte_queue
                0x200001e8       0x12 ./Core/Src/main.o
                0x200001e8                lte_queue
 *fill*         0x200001fa        0x2 
 .bss.sms_queue
                0x200001fc       0x12 ./Core/Src/main.o
                0x200001fc                sms_queue
 *fill*         0x2000020e        0x2 
 .bss.modemBuffer
                0x20000210      0x208 ./Core/Src/main.o
                0x20000210                modemBuffer
 .bss.send_request
                0x20000418        0x1 ./Core/Src/main.o
                0x20000418                send_request
 *fill*         0x20000419        0x3 
 .bss.cfg_rx_buffer
                0x2000041c      0x800 ./Core/Src/main.o
 .bss.cfg_rx_index
                0x20000c1c        0x2 ./Core/Src/main.o
 *fill*         0x20000c1e        0x2 
 .bss.command   0x20000c20       0x10 ./Core/Src/main.o
                0x20000c20                command
 .bss.uart1Buffer
                0x20000c30      0x804 ./Core/Src/main.o
                0x20000c30                uart1Buffer
 .bss.msg_index
                0x20001434        0x1 ./Core/Src/main.o
 .bss.retry_count
                0x20001435        0x1 ./Core/Src/main.o
 .bss.smsState  0x20001436        0x1 ./Core/Src/main.o
                0x20001436                smsState
 *fill*         0x20001437        0x1 
 .bss.sms_text  0x20001438       0xa0 ./Core/Src/main.o
 .bss.sms_sender
                0x200014d8       0x20 ./Core/Src/main.o
 .bss.sms_ready
                0x200014f8        0x1 ./Core/Src/main.o
 *fill*         0x200014f9        0x3 
 .bss.rssi_tmp  0x200014fc        0x4 ./Core/Src/main.o
                0x200014fc                rssi_tmp
 .bss.ber_tmp   0x20001500        0x4 ./Core/Src/main.o
                0x20001500                ber_tmp
 .bss.ip_received
                0x20001504        0x1 ./Core/Src/main.o
                0x20001504                ip_received
 *fill*         0x20001505        0x3 
 .bss.last_udp_err
                0x20001508        0x4 ./Core/Src/main.o
                0x20001508                last_udp_err
 .bss.pdn_last_event_time
                0x2000150c        0x4 ./Core/Src/main.o
                0x2000150c                pdn_last_event_time
 .bss.flags_FSM_Modem
                0x20001510        0x1 ./Core/Src/main.o
                0x20001510                flags_FSM_Modem
 .bss.dns_pending
                0x20001511        0x1 ./Core/Src/main.o
                0x20001511                dns_pending
 *fill*         0x20001512        0x2 
 .bss.tx_buffer
                0x20001514       0x40 ./Core/Src/main.o
                0x20001514                tx_buffer
 .bss.searchIdx
                0x20001554        0x2 ./Core/Src/main.o
                0x20001554                searchIdx
 *fill*         0x20001556        0x2 
 .bss.lineBuffer
                0x20001558       0x80 ./Core/Src/main.o
 .bss.lineIndex
                0x200015d8        0x1 ./Core/Src/main.o
 .bss.uart_rx_char
                0x200015d9        0x1 ./Core/Src/main.o
 *fill*         0x200015da        0x2 
 .bss.uart1_last_activity
                0x200015dc        0x4 ./Core/Src/main.o
                0x200015dc                uart1_last_activity
 .bss.uart1_idle_alarm
                0x200015e0        0x1 ./Core/Src/main.o
                0x200015e0                uart1_idle_alarm
 *fill*         0x200015e1        0x3 
 .bss.runtime_cfg
                0x200015e4      0x17c ./Core/Src/main.o
                0x200015e4                runtime_cfg
 .bss.temp_runtime_cfg
                0x20001760      0x17c ./Core/Src/main.o
                0x20001760                temp_runtime_cfg
 .bss.last_cid_msg
                0x200018dc       0x16 ./Core/Src/main.o
                0x200018dc                last_cid_msg
 *fill*         0x200018f2        0x2 
 .bss.last_hb_msg
                0x200018f4       0x16 ./Core/Src/main.o
                0x200018f4                last_hb_msg
 .bss.parserState
                0x2000190a        0x1 ./Core/Src/main.o
 *fill*         0x2000190b        0x1 
 .bss.lineBufferUart1
                0x2000190c       0x80 ./Core/Src/main.o
 .bss.lineIndexUart1
                0x2000198c        0x2 ./Core/Src/main.o
 *fill*         0x2000198e        0x2 
 .bss.cdc_rx_buf
                0x20001990       0x40 ./Core/Src/main.o
                0x20001990                cdc_rx_buf
 .bss.cdc_accum_buf
                0x200019d0      0x400 ./Core/Src/main.o
 .bss.cdc_accum_len
                0x20001dd0        0x2 ./Core/Src/main.o
 *fill*         0x20001dd2        0x2 
 .bss.cdc_last_rx_tick
                0x20001dd4        0x4 ./Core/Src/main.o
 .bss.ledRojoSIM
                0x20001dd8       0x14 ./Core/Src/main.o