../Drivers/CMSIS/Include/core_cm4.h:1938:34:__NVIC_SystemReset	4	static,ignoring_inline_asm
../Core/Src/main.c:830:5:main	128	static
../Core/Src/main.c:963:6:SystemClock_Config	88	static
../Core/Src/main.c:1009:13:MX_RTC_Init	32	static
../Core/Src/main.c:1078:13:MX_USART1_UART_Init	8	static
../Core/Src/main.c:1111:6:MX_I2C1_Init	8	static
../Core/Src/main.c:1140:13:MX_GPIO_Init	48	static
../Core/Src/main.c:1279:9:Modem_Send_AT	16	static
../Core/Src/main.c:1309:6:Modem_FSM_Run	160	static
../Core/Src/main.c:2239:6:SMS_FSM_Run	208	static
../Core/Src/main.c:2360:6:Bridge_Process	16	static
../Core/Src/main.c:2476:6:Config_Mode_UART_TX_RX	16	static
../Core/Src/main.c:2656:6:Button_Process	8	static
../Core/Src/main.c:2673:6:Modem_Reset	8	static
../Core/Src/main.c:2696:6:Modem_Get_Line	24	static
../Core/Src/main.c:2724:6:RingBuffer_Write	24	static
../Core/Src/main.c:2736:9:RingBuffer_Read	16	static
../Core/Src/main.c:2747:6:RingBuffer_Clear	4	static
../Core/Src/main.c:2756:6:EventQueue_Init	4	static
../Core/Src/main.c:2765:6:Queue_Push	24	static
../Core/Src/main.c:2778:5:Queue_Pop	16	static
../Core/Src/main.c:2810:6:Dispatch_Event	16	static
../Core/Src/main.c:2875:5:Parse_SMS_Index	24	static
../Core/Src/main.c:2885:6:Modem_Process_Buffer	392	static
../Core/Src/main.c:3270:6:Modem_Find_Response	24	static
../Core/Src/main.c:3312:6:HAL_UART_RxCpltCallback	16	static
../Core/Src/main.c:3325:6:UART1_Process_RingBuffer	16	static
../Core/Src/main.c:3338:6:Parser_Feed	16	static
../Core/Src/main.c:3378:6:Process_Line	16	static
../Core/Src/main.c:3408:9:Is_AT_Command	16	static
../Core/Src/main.c:3422:9:Is_Config_Command	16	static
../Core/Src/main.c:3436:9:Is_CID_Event	16	static
../Core/Src/main.c:3455:6:Process_CID_Event	40	static
../Core/Src/main.c:3469:6:Process_Heartbeat	40	static
../Core/Src/main.c:3483:9:Is_Heartbeat	16	static
../Core/Src/main.c:3491:6:Process_AT_Command	16	static
../Core/Src/main.c:3503:6:Process_Config_Command	16	static
../Core/Src/main.c:3514:9:RingBufferUart_Put	24	static
../Core/Src/main.c:3530:9:RingBufferUart_Get	16	static
../Core/Src/main.c:3543:10:RingBufferUart_Count	16	static
../Core/Src/main.c:3551:6:RingBufferUart_Clear	16	static
../Core/Src/main.c:3557:6:Queue_CID_Message	24	static
../Core/Src/main.c:3562:6:Queue_Heartbeat	24	static
../Core/Src/main.c:3593:6:USBH_CDC_ReceiveCallback	32	static
../Core/Src/main.c:3625:16:buffer_contiene	24	static
../Core/Src/main.c:3644:9:CID_Parse_Event	24	static
../Core/Src/main.c:3674:9:CID_Parse_Heartbeat	24	static
../Core/Src/main.c:3701:16:pack_bcd	16	static
../Core/Src/main.c:3709:9:XOR_Checksum	24	static
../Core/Src/main.c:3724:9:CID_Checksum1	24	static
../Core/Src/main.c:3747:6:Parse_DNS_Response	96	static
../Core/Src/main.c:3772:10:UDP_Build_Event	48	static
../Core/Src/main.c:3828:10:UDP_Build_Heartbeat	48	static
../Core/Src/main.c:3877:9:UDP_Is_ACK	16	static
../Core/Src/main.c:3895:6:CID_Send_ACK_RS232	16	static
../Core/Src/main.c:3905:6:System_Mode_Task	8	static
../Core/Src/main.c:4037:18:Parse_Command	24	static
../Core/Src/main.c:4059:6:CMD_Read_Config	2240	static
../Core/Src/main.c:4083:6:Build_Config_JSON	104	static
../Core/Src/main.c:4150:6:CMD_Write_Config	8	static
../Core/Src/main.c:4159:6:CMD_Save_Config	8	static
../Core/Src/main.c:4169:6:CMD_Default_Config	8	static
../Core/Src/main.c:4180:6:CMD_Reboot	8	static
../Core/Src/main.c:4197:6:Send_ACK	88	static
../Core/Src/main.c:4218:6:Send_Error	88	static
../Core/Src/main.c:4238:9:Verify_Frame_Format	8	static
../Core/Src/main.c:4313:9:EEPROM_Log_Read	24	static
../Core/Src/main.c:4330:6:EEPROM_Log_Init	8	static
../Core/Src/main.c:4347:6:CMD_Log_Info	96	static
../Core/Src/main.c:4359:6:CMD_Log_Read	184	static
../Core/Src/main.c:4378:10:Get_LogRead_Index	32	static
../Core/Src/main.c:4416:6:CMD_Log_Clear	8	static
../Core/Src/main.c:4431:6:Modem_Log	40	static
../Core/Src/main.c:4458:6:EEPROM_Log_Write	24	static
../Core/Src/main.c:4485:19:EEPROM_Write_Buffer	40	static
../Core/Src/main.c:4500:19:EEPROM_Read_Buffer	32	static
../Core/Src/main.c:4508:9:EEPROM_IsPresent	8	static
../Core/Src/main.c:4521:19:EEPROM_Write	40	static
../Core/Src/main.c:4537:19:EEPROM_Read	32	static
../Core/Src/main.c:4542:6:PruebaSimpleEEPROM	40	static
../Core/Src/main.c:4562:9:Verify_Frame_CRC	24	static
../Core/Src/main.c:4583:13:ModemEvent_ToString	16	static
../Core/Src/main.c:4809:9:Verify_Password	40	static
../Core/Src/main.c:4866:6:Parse_JSON_To_Runtime_Config	88	static
../Core/Src/main.c:5042:9:JSON_Get_String	104	static
../Core/Src/main.c:5072:9:JSON_Get_Int	96	static
../Core/Src/main.c:5096:10:CRC16_CCITT	24	static
../Core/Src/main.c:5119:6:Debug_Print	16	static
../Core/Src/main.c:5129:6:Load_Default_Config	16	static
../Core/Src/main.c:5177:6:Flash_Load_Config	16	static
../Core/Src/main.c:5208:6:Flash_Save_Config	448	static
../Core/Src/main.c:5301:10:CRC32	32	static
../Core/Src/main.c:5324:6:LED_Init	4	static
../Core/Src/main.c:5348:6:LED_Set	24	static
../Core/Src/main.c:5355:6:LED_Task	24	static
../Core/Src/main.c:5426:6:LED_Update_From_Event	16	static
../Core/Src/main.c:5621:6:RS232_Monitor_Task	8	static
../Core/Src/main.c:5646:6:RTC_Fill_ASCII_DateTime	64	static
../Core/Src/main.c:5660:6:RTC_Update_From_Modem	48	static
../Core/Src/main.c:5677:6:RTC_Set_From_CCLK	80	static
../Core/Src/main.c:5706:6:Error_Handler	8	static
